Archive member included to satisfy reference by file (symbol)

/home/zhonx/.opt/AC6/plugins/fr.ac6.mcu.externaltools.arm-none.linux64_1.17.0.201812190825/tools/compiler/bin/../lib/gcc/arm-none-eabi/7.3.1/thumb/v7e-m/fpv5/hard/libgcc.a(_aeabi_uldivmod.o)
                              Drivers/STM32H7xx_HAL_Driver/Src/stm32h7xx_hal_uart.o (__aeabi_uldivmod)
/home/zhonx/.opt/AC6/plugins/fr.ac6.mcu.externaltools.arm-none.linux64_1.17.0.201812190825/tools/compiler/bin/../lib/gcc/arm-none-eabi/7.3.1/thumb/v7e-m/fpv5/hard/libgcc.a(_udivmoddi4.o)
                              /home/zhonx/.opt/AC6/plugins/fr.ac6.mcu.externaltools.arm-none.linux64_1.17.0.201812190825/tools/compiler/bin/../lib/gcc/arm-none-eabi/7.3.1/thumb/v7e-m/fpv5/hard/libgcc.a(_aeabi_uldivmod.o) (__udivmoddi4)
/home/zhonx/.opt/AC6/plugins/fr.ac6.mcu.externaltools.arm-none.linux64_1.17.0.201812190825/tools/compiler/bin/../lib/gcc/arm-none-eabi/7.3.1/thumb/v7e-m/fpv5/hard/libgcc.a(_dvmd_tls.o)
                              /home/zhonx/.opt/AC6/plugins/fr.ac6.mcu.externaltools.arm-none.linux64_1.17.0.201812190825/tools/compiler/bin/../lib/gcc/arm-none-eabi/7.3.1/thumb/v7e-m/fpv5/hard/libgcc.a(_aeabi_uldivmod.o) (__aeabi_ldiv0)
/home/zhonx/.opt/AC6/plugins/fr.ac6.mcu.externaltools.arm-none.linux64_1.17.0.201812190825/tools/compiler/bin/../lib/gcc/arm-none-eabi/7.3.1/../../../../arm-none-eabi/lib/thumb/v7e-m/fpv5/hard/libc_nano.a(lib_a-errno.o)
                              Core/Src/syscalls.o (__errno)
/home/zhonx/.opt/AC6/plugins/fr.ac6.mcu.externaltools.arm-none.linux64_1.17.0.201812190825/tools/compiler/bin/../lib/gcc/arm-none-eabi/7.3.1/../../../../arm-none-eabi/lib/thumb/v7e-m/fpv5/hard/libc_nano.a(lib_a-exit.o)
                              /home/zhonx/.opt/AC6/plugins/fr.ac6.mcu.externaltools.arm-none.linux64_1.17.0.201812190825/tools/compiler/bin/../lib/gcc/arm-none-eabi/7.3.1/../../../../arm-none-eabi/lib/thumb/v7e-m/fpv5/hard/crt0.o (exit)
/home/zhonx/.opt/AC6/plugins/fr.ac6.mcu.externaltools.arm-none.linux64_1.17.0.201812190825/tools/compiler/bin/../lib/gcc/arm-none-eabi/7.3.1/../../../../arm-none-eabi/lib/thumb/v7e-m/fpv5/hard/libc_nano.a(lib_a-impure.o)
                              /home/zhonx/.opt/AC6/plugins/fr.ac6.mcu.externaltools.arm-none.linux64_1.17.0.201812190825/tools/compiler/bin/../lib/gcc/arm-none-eabi/7.3.1/../../../../arm-none-eabi/lib/thumb/v7e-m/fpv5/hard/libc_nano.a(lib_a-exit.o) (_global_impure_ptr)
/home/zhonx/.opt/AC6/plugins/fr.ac6.mcu.externaltools.arm-none.linux64_1.17.0.201812190825/tools/compiler/bin/../lib/gcc/arm-none-eabi/7.3.1/../../../../arm-none-eabi/lib/thumb/v7e-m/fpv5/hard/libc_nano.a(lib_a-init.o)
                              /home/zhonx/.opt/AC6/plugins/fr.ac6.mcu.externaltools.arm-none.linux64_1.17.0.201812190825/tools/compiler/bin/../lib/gcc/arm-none-eabi/7.3.1/../../../../arm-none-eabi/lib/thumb/v7e-m/fpv5/hard/crt0.o (__libc_init_array)
/home/zhonx/.opt/AC6/plugins/fr.ac6.mcu.externaltools.arm-none.linux64_1.17.0.201812190825/tools/compiler/bin/../lib/gcc/arm-none-eabi/7.3.1/../../../../arm-none-eabi/lib/thumb/v7e-m/fpv5/hard/libc_nano.a(lib_a-memset.o)
                              /home/zhonx/.opt/AC6/plugins/fr.ac6.mcu.externaltools.arm-none.linux64_1.17.0.201812190825/tools/compiler/bin/../lib/gcc/arm-none-eabi/7.3.1/../../../../arm-none-eabi/lib/thumb/v7e-m/fpv5/hard/crt0.o (memset)
/home/zhonx/.opt/AC6/plugins/fr.ac6.mcu.externaltools.arm-none.linux64_1.17.0.201812190825/tools/compiler/bin/../lib/gcc/arm-none-eabi/7.3.1/../../../../arm-none-eabi/lib/thumb/v7e-m/fpv5/hard/libc_nano.a(lib_a-printf.o)
                              Core/Src/main.o (printf)
/home/zhonx/.opt/AC6/plugins/fr.ac6.mcu.externaltools.arm-none.linux64_1.17.0.201812190825/tools/compiler/bin/../lib/gcc/arm-none-eabi/7.3.1/../../../../arm-none-eabi/lib/thumb/v7e-m/fpv5/hard/libc_nano.a(lib_a-findfp.o)
                              /home/zhonx/.opt/AC6/plugins/fr.ac6.mcu.externaltools.arm-none.linux64_1.17.0.201812190825/tools/compiler/bin/../lib/gcc/arm-none-eabi/7.3.1/../../../../arm-none-eabi/lib/thumb/v7e-m/fpv5/hard/libc_nano.a(lib_a-printf.o) (__sinit)
/home/zhonx/.opt/AC6/plugins/fr.ac6.mcu.externaltools.arm-none.linux64_1.17.0.201812190825/tools/compiler/bin/../lib/gcc/arm-none-eabi/7.3.1/../../../../arm-none-eabi/lib/thumb/v7e-m/fpv5/hard/libc_nano.a(lib_a-fwalk.o)
                              /home/zhonx/.opt/AC6/plugins/fr.ac6.mcu.externaltools.arm-none.linux64_1.17.0.201812190825/tools/compiler/bin/../lib/gcc/arm-none-eabi/7.3.1/../../../../arm-none-eabi/lib/thumb/v7e-m/fpv5/hard/libc_nano.a(lib_a-findfp.o) (_fwalk)
/home/zhonx/.opt/AC6/plugins/fr.ac6.mcu.externaltools.arm-none.linux64_1.17.0.201812190825/tools/compiler/bin/../lib/gcc/arm-none-eabi/7.3.1/../../../../arm-none-eabi/lib/thumb/v7e-m/fpv5/hard/libc_nano.a(lib_a-nano-mallocr.o)
[...]
Memory Configuration

Name             Origin             Length             Attributes
DTCMRAM          0x0000000020000000 0x0000000000020000 xrw
RAM_D1           0x0000000024000000 0x0000000000080000 xrw
RAM_D2           0x0000000030000000 0x0000000000048000 xrw
RAM_D3           0x0000000038000000 0x0000000000010000 xrw
ITCMRAM          0x0000000000000000 0x0000000000010000 xrw
FLASH            0x0000000008000000 0x0000000000200000 xr
*default*        0x0000000000000000 0xffffffffffffffff

Linker script and memory map

LOAD /home/zhonx/.opt/AC6/plugins/fr.ac6.mcu.externaltools.arm-none.linux64_1.17.0.201812190825/tools/compiler/bin/../lib/gcc/arm-none-eabi/7.3.1/thumb/v7e-m/fpv5/hard/crti.o
LOAD /home/zhonx/.opt/AC6/plugins/fr.ac6.mcu.externaltools.arm-none.linux64_1.17.0.201812190825/tools/compiler/bin/../lib/gcc/arm-none-eabi/7.3.1/thumb/v7e-m/fpv5/hard/crtbegin.o
LOAD /home/zhonx/.opt/AC6/plugins/fr.ac6.mcu.externaltools.arm-none.linux64_1.17.0.201812190825/tools/compiler/bin/../lib/gcc/arm-none-eabi/7.3.1/../../../../arm-none-eabi/lib/thumb/v7e-m/fpv5/hard/crt0.o
LOAD Core/Src/adc.o
LOAD Core/Src/debug.o
LOAD Core/Src/dma.o
LOAD Core/Src/gpio.o
LOAD Core/Src/main.o
LOAD Core/Src/spi.o
LOAD Core/Src/stm32h7xx_hal_msp.o
LOAD Core/Src/stm32h7xx_it.o
LOAD Core/Src/syscalls.o
LOAD Core/Src/system_stm32h7xx.o
LOAD Core/Src/tim.o
LOAD Core/Src/usart.o
LOAD Drivers/STM32H7xx_HAL_Driver/Src/stm32h7xx_hal.o
LOAD Drivers/STM32H7xx_HAL_Driver/Src/stm32h7xx_hal_adc.o
LOAD Drivers/STM32H7xx_HAL_Driver/Src/stm32h7xx_hal_adc_ex.o
LOAD Drivers/STM32H7xx_HAL_Driver/Src/stm32h7xx_hal_cortex.o
LOAD Drivers/STM32H7xx_HAL_Driver/Src/stm32h7xx_hal_dma.o
LOAD Drivers/STM32H7xx_HAL_Driver/Src/stm32h7xx_hal_dma_ex.o
LOAD Drivers/STM32H7xx_HAL_Driver/Src/stm32h7xx_hal_flash.o
LOAD Drivers/STM32H7xx_HAL_Driver/Src/stm32h7xx_hal_flash_ex.o
LOAD Drivers/STM32H7xx_HAL_Driver/Src/stm32h7xx_hal_gpio.o
LOAD Drivers/STM32H7xx_HAL_Driver/Src/stm32h7xx_hal_hsem.o
LOAD Drivers/STM32H7xx_HAL_Driver/Src/stm32h7xx_hal_i2c.o
LOAD Drivers/STM32H7xx_HAL_Driver/Src/stm32h7xx_hal_i2c_ex.o
LOAD Drivers/STM32H7xx_HAL_Driver/Src/stm32h7xx_hal_mdma.o
LOAD Drivers/STM32H7xx_HAL_Driver/Src/stm32h7xx_hal_pwr.o
LOAD Drivers/STM32H7xx_HAL_Driver/Src/stm32h7xx_hal_pwr_ex.o
LOAD Drivers/STM32H7xx_HAL_Driver/Src/stm32h7xx_hal_rcc.o
LOAD Drivers/STM32H7xx_HAL_Driver/Src/stm32h7xx_hal_rcc_ex.o
LOAD Drivers/STM32H7xx_HAL_Driver/Src/stm32h7xx_hal_spi.o
LOAD Drivers/STM32H7xx_HAL_Driver/Src/stm32h7xx_hal_spi_ex.o
LOAD Drivers/STM32H7xx_HAL_Driver/Src/stm32h7xx_hal_tim.o
LOAD Drivers/STM32H7xx_HAL_Driver/Src/stm32h7xx_hal_tim_ex.o
LOAD Drivers/STM32H7xx_HAL_Driver/Src/stm32h7xx_hal_uart.o
LOAD Drivers/STM32H7xx_HAL_Driver/Src/stm32h7xx_hal_uart_ex.o
LOAD Drivers/STM32H7xx_LL_Driver/Src/stm32h7xx_ll_gpio.o
LOAD startup/startup_stm32h743xx.o
LOAD /home/zhonx/.opt/AC6/plugins/fr.ac6.mcu.externaltools.arm-none.linux64_1.17.0.201812190825/tools/compiler/bin/../lib/gcc/arm-none-eabi/7.3.1/../../../../arm-none-eabi/lib/thumb/v7e-m/fpv5/hard/libm.a
START GROUP
LOAD /home/zhonx/.opt/AC6/plugins/fr.ac6.mcu.externaltools.arm-none.linux64_1.17.0.201812190825/tools/compiler/bin/../lib/gcc/arm-none-eabi/7.3.1/thumb/v7e-m/fpv5/hard/libgcc.a
LOAD /home/zhonx/.opt/AC6/plugins/fr.ac6.mcu.externaltools.arm-none.linux64_1.17.0.201812190825/tools/compiler/bin/../lib/gcc/arm-none-eabi/7.3.1/../../../../arm-none-eabi/lib/thumb/v7e-m/fpv5/hard/libc_nano.a
END GROUP
START GROUP
LOAD /home/zhonx/.opt/AC6/plugins/fr.ac6.mcu.externaltools.arm-none.linux64_1.17.0.201812190825/tools/compiler/bin/../lib/gcc/arm-none-eabi/7.3.1/thumb/v7e-m/fpv5/hard/libgcc.a
LOAD /home/zhonx/.opt/AC6/plugins/fr.ac6.mcu.externaltools.arm-none.linux64_1.17.0.201812190825/tools/compiler/bin/../lib/gcc/arm-none-eabi/7.3.1/../../../../arm-none-eabi/lib/thumb/v7e-m/fpv5/hard/libc_nano.a
LOAD /home/zhonx/.opt/AC6/plugins/fr.ac6.mcu.externaltools.arm-none.linux64_1.17.0.201812190825/tools/compiler/bin/../lib/gcc/arm-none-eabi/7.3.1/../../../../arm-none-eabi/lib/thumb/v7e-m/fpv5/hard/libnosys.a
END GROUP
START GROUP
LOAD /home/zhonx/.opt/AC6/plugins/fr.ac6.mcu.externaltools.arm-none.linux64_1.17.0.201812190825/tools/compiler/bin/../lib/gcc/arm-none-eabi/7.3.1/thumb/v7e-m/fpv5/hard/libgcc.a
LOAD /home/zhonx/.opt/AC6/plugins/fr.ac6.mcu.externaltools.arm-none.linux64_1.17.0.201812190825/tools/compiler/bin/../lib/gcc/arm-none-eabi/7.3.1/../../../../arm-none-eabi/lib/thumb/v7e-m/fpv5/hard/libc_nano.a
LOAD /home/zhonx/.opt/AC6/plugins/fr.ac6.mcu.externaltools.arm-none.linux64_1.17.0.201812190825/tools/compiler/bin/../lib/gcc/arm-none-eabi/7.3.1/../../../../arm-none-eabi/lib/thumb/v7e-m/fpv5/hard/libnosys.a
END GROUP
LOAD /home/zhonx/.opt/AC6/plugins/fr.ac6.mcu.externaltools.arm-none.linux64_1.17.0.201812190825/tools/compiler/bin/../lib/gcc/arm-none-eabi/7.3.1/thumb/v7e-m/fpv5/hard/crtend.o
LOAD /home/zhonx/.opt/AC6/plugins/fr.ac6.mcu.externaltools.arm-none.linux64_1.17.0.201812190825/tools/compiler/bin/../lib/gcc/arm-none-eabi/7.3.1/thumb/v7e-m/fpv5/hard/crtn.o
                0x0000000020020000                _estack = 0x20020000
                0x0000000000000200                _Min_Heap_Size = 0x200
                0x0000000000000400                _Min_Stack_Size = 0x400

.isr_vector     0x0000000008000000      0x298
                0x0000000008000000                . = ALIGN (0x4)
 *(.isr_vector)
 .isr_vector    0x0000000008000000      0x298 startup/startup_stm32h743xx.o
                0x0000000008000000                g_pfnVectors
                0x0000000008000298                . = ALIGN (0x4)

.text           0x00000000080002a0     0xae20
                0x00000000080002a0                . = ALIGN (0x4)
 *(.text)
 .text          0x00000000080002a0       0x40 /home/zhonx/.opt/AC6/plugins/fr.ac6.mcu.externaltools.arm-none.linux64_1.17.0.201812190825/tools/compiler/bin/../lib/gcc/arm-none-eabi/7.3.1/thumb/v7e-m/fpv5/hard/crtbegin.o
 .text          0x00000000080002e0       0x30 /home/zhonx/.opt/AC6/plugins/fr.ac6.mcu.externaltools.arm-none.linux64_1.17.0.201812190825/tools/compiler/bin/../lib/gcc/arm-none-eabi/7.3.1/thumb/v7e-m/fpv5/hard/libgcc.a(_aeabi_uldivmod.o)
                0x00000000080002e0                __aeabi_uldivmod
 .text          0x0000000008000310      0x2cc /home/zhonx/.opt/AC6/plugins/fr.ac6.mcu.externaltools.arm-none.linux64_1.17.0.201812190825/tools/compiler/bin/../lib/gcc/arm-none-eabi/7.3.1/thumb/v7e-m/fpv5/hard/libgcc.a(_udivmoddi4.o)
                0x0000000008000310                __udivmoddi4
 .text          0x00000000080005dc        0x4 /home/zhonx/.opt/AC6/plugins/fr.ac6.mcu.externaltools.arm-none.linux64_1.17.0.201812190825/tools/compiler/bin/../lib/gcc/arm-none-eabi/7.3.1/thumb/v7e-m/fpv5/hard/libgcc.a(_dvmd_tls.o)
                0x00000000080005dc                __aeabi_ldiv0
                0x00000000080005dc                __aeabi_idiv0
 .text          0x00000000080005e0       0xa0 /home/zhonx/.opt/AC6/plugins/fr.ac6.mcu.externaltools.arm-none.linux64_1.17.0.201812190825/tools/compiler/bin/../lib/gcc/arm-none-eabi/7.3.1/../../../../arm-none-eabi/lib/thumb/v7e-m/fpv5/hard/libc_nano.a(lib_a-memchr.o)
                0x00000000080005e0                memchr
 *(.text*)
 .text.MX_ADC1_Init
                0x0000000008000680       0xa0 Core/Src/adc.o
                0x0000000008000680                MX_ADC1_Init
 .text.HAL_ADC_MspInit
                0x0000000008000720       0x9c Core/Src/adc.o
                0x0000000008000720                HAL_ADC_MspInit
 .text.MX_DMA_Init
                0x00000000080007bc       0x38 Core/Src/dma.o
                0x00000000080007bc                MX_DMA_Init
 .text.MX_GPIO_Init
                0x00000000080007f4      0x260 Core/Src/gpio.o
                0x00000000080007f4                MX_GPIO_Init
 .text.SystemClock_Config
                0x0000000008000a54       0xfc Core/Src/main.o
                0x0000000008000a54                SystemClock_Config
 .text.main     0x0000000008000b50       0x64 Core/Src/main.o
                0x0000000008000b50                main
 .text.Error_Handler
                0x0000000008000bb4        0x2 Core/Src/main.o
                0x0000000008000bb4                Error_Handler
 .text.assert_failed
                0x0000000008000bb6        0x2 Core/Src/main.o
                0x0000000008000bb6                assert_failed
 .text.MX_SPI1_Init
                0x0000000008000bb8       0x60 Core/Src/spi.o
                0x0000000008000bb8                MX_SPI1_Init
 .text.HAL_SPI_MspInit
                0x0000000008000c18       0xd0 Core/Src/spi.o
                0x0000000008000c18                HAL_SPI_MspInit
 .text.HAL_MspInit
                0x0000000008000ce8       0x24 Core/Src/stm32h7xx_hal_msp.o
                0x0000000008000ce8                HAL_MspInit
 .text.NMI_Handler
                0x0000000008000d0c        0x2 Core/Src/stm32h7xx_it.o
                0x0000000008000d0c                NMI_Handler
 .text.HardFault_Handler
                0x0000000008000d0e        0x2 Core/Src/stm32h7xx_it.o
                0x0000000008000d0e                HardFault_Handler
 .text.MemManage_Handler
                0x0000000008000d10        0x2 Core/Src/stm32h7xx_it.o
                0x0000000008000d10                MemManage_Handler
 .text.BusFault_Handler
                0x0000000008000d12        0x2 Core/Src/stm32h7xx_it.o
                0x0000000008000d12                BusFault_Handler
 .text.UsageFault_Handler
                0x0000000008000d14        0x2 Core/Src/stm32h7xx_it.o
                0x0000000008000d14                UsageFault_Handler
 .text.SVC_Handler
                0x0000000008000d16        0x2 Core/Src/stm32h7xx_it.o
                0x0000000008000d16                SVC_Handler
 .text.DebugMon_Handler
                0x0000000008000d18        0x2 Core/Src/stm32h7xx_it.o
                0x0000000008000d18                DebugMon_Handler
 .text.PendSV_Handler
                0x0000000008000d1a        0x2 Core/Src/stm32h7xx_it.o
                0x0000000008000d1a                PendSV_Handler
 .text.SysTick_Handler
                0x0000000008000d1c        0x8 Core/Src/stm32h7xx_it.o
                0x0000000008000d1c                SysTick_Handler
 .text.DMA1_Stream0_IRQHandler
                0x0000000008000d24       0x10 Core/Src/stm32h7xx_it.o
                0x0000000008000d24                DMA1_Stream0_IRQHandler
 .text.TIM1_BRK_IRQHandler
                0x0000000008000d34       0x10 Core/Src/stm32h7xx_it.o
                0x0000000008000d34                TIM1_BRK_IRQHandler
 .text.TIM1_TRG_COM_IRQHandler
                0x0000000008000d44       0x10 Core/Src/stm32h7xx_it.o
                0x0000000008000d44                TIM1_TRG_COM_IRQHandler
 .text.TIM2_IRQHandler
                0x0000000008000d54       0x10 Core/Src/stm32h7xx_it.o
                0x0000000008000d54                TIM2_IRQHandler
 .text.SPI1_IRQHandler
                0x0000000008000d64       0x10 Core/Src/stm32h7xx_it.o
                0x0000000008000d64                SPI1_IRQHandler
 .text.EXTI15_10_IRQHandler
                0x0000000008000d74        0xc Core/Src/stm32h7xx_it.o
                0x0000000008000d74                EXTI15_10_IRQHandler
 .text.TIM6_DAC_IRQHandler
                0x0000000008000d80       0x10 Core/Src/stm32h7xx_it.o
                0x0000000008000d80                TIM6_DAC_IRQHandler
 .text._read    0x0000000008000d90       0x1c Core/Src/syscalls.o
                0x0000000008000d90                _read
 .text._write   0x0000000008000dac       0x1c Core/Src/syscalls.o
                0x0000000008000dac                _write
 .text._sbrk    0x0000000008000dc8       0x3c Core/Src/syscalls.o
                0x0000000008000dc8                _sbrk
 .text._close   0x0000000008000e04        0x6 Core/Src/syscalls.o
                0x0000000008000e04                _close
 .text._fstat   0x0000000008000e0a        0xa Core/Src/syscalls.o
                0x0000000008000e0a                _fstat
 .text._isatty  0x0000000008000e14        0x4 Core/Src/syscalls.o
                0x0000000008000e14                _isatty
 .text._lseek   0x0000000008000e18        0x4 Core/Src/syscalls.o
                0x0000000008000e18                _lseek
 .text.SystemInit
                0x0000000008000e1c       0x7c Core/Src/system_stm32h7xx.o
                0x0000000008000e1c                SystemInit
 .text.MX_TIM2_Init
                0x0000000008000e98       0x98 Core/Src/tim.o
                0x0000000008000e98                MX_TIM2_Init
 .text.MX_TIM6_Init
                0x0000000008000f30       0x50 Core/Src/tim.o
                0x0000000008000f30                MX_TIM6_Init
 .text.HAL_TIM_OC_MspInit
                0x0000000008000f80       0x58 Core/Src/tim.o
                0x0000000008000f80                HAL_TIM_OC_MspInit
 .text.HAL_TIM_Base_MspInit
                0x0000000008000fd8       0xec Core/Src/tim.o
                0x0000000008000fd8                HAL_TIM_Base_MspInit
 .text.HAL_TIM_MspPostInit
                0x00000000080010c4       0x94 Core/Src/tim.o
                0x00000000080010c4                HAL_TIM_MspPostInit
 .text.MX_TIM1_Init
                0x0000000008001158      0x108 Core/Src/tim.o
                0x0000000008001158                MX_TIM1_Init
 .text.MX_USART3_UART_Init
                0x0000000008001260       0x6c Core/Src/usart.o
                0x0000000008001260                MX_USART3_UART_Init
 .text.HAL_UART_MspInit
                0x00000000080012cc       0x74 Core/Src/usart.o
                0x00000000080012cc                HAL_UART_MspInit
 .text.__io_putchar
                0x0000000008001340       0x24 Core/Src/usart.o
                0x0000000008001340                __io_putchar
 .text.HAL_InitTick
                0x0000000008001364       0x4c Drivers/STM32H7xx_HAL_Driver/Src/stm32h7xx_hal.o
                0x0000000008001364                HAL_InitTick
 .text.HAL_Init
                0x00000000080013b0       0x5c Drivers/STM32H7xx_HAL_Driver/Src/stm32h7xx_hal.o
                0x00000000080013b0                HAL_Init
 .text.HAL_IncTick
                0x000000000800140c       0x18 Drivers/STM32H7xx_HAL_Driver/Src/stm32h7xx_hal.o
                0x000000000800140c                HAL_IncTick
 .text.HAL_GetTick
                0x0000000008001424        0xc Drivers/STM32H7xx_HAL_Driver/Src/stm32h7xx_hal.o
                0x0000000008001424                HAL_GetTick
 .text.HAL_GetREVID
                0x0000000008001430        0xc Drivers/STM32H7xx_HAL_Driver/Src/stm32h7xx_hal.o
                0x0000000008001430                HAL_GetREVID
 .text.HAL_SYSCFG_AnalogSwitchConfig
                0x000000000800143c       0x30 Drivers/STM32H7xx_HAL_Driver/Src/stm32h7xx_hal.o
                0x000000000800143c                HAL_SYSCFG_AnalogSwitchConfig
 .text.HAL_ADC_ConfigChannel
                0x000000000800146c      0x8f8 Drivers/STM32H7xx_HAL_Driver/Src/stm32h7xx_hal_adc.o
                0x000000000800146c                HAL_ADC_ConfigChannel
 .text.ADC_ConfigureBoostMode
                0x0000000008001d64      0x170 Drivers/STM32H7xx_HAL_Driver/Src/stm32h7xx_hal_adc.o
                0x0000000008001d64                ADC_ConfigureBoostMode
 .text.HAL_ADC_Init
                0x0000000008001ed4      0x5a0 Drivers/STM32H7xx_HAL_Driver/Src/stm32h7xx_hal_adc.o
                0x0000000008001ed4                HAL_ADC_Init
 .text.HAL_ADCEx_MultiModeConfigChannel
                0x0000000008002474      0x21c Drivers/STM32H7xx_HAL_Driver/Src/stm32h7xx_hal_adc_ex.o
                0x0000000008002474                HAL_ADCEx_MultiModeConfigChannel
 .text.HAL_NVIC_SetPriorityGrouping
                0x0000000008002690       0x3c Drivers/STM32H7xx_HAL_Driver/Src/stm32h7xx_hal_cortex.o
                0x0000000008002690                HAL_NVIC_SetPriorityGrouping
 .text.HAL_NVIC_SetPriority
                0x00000000080026cc       0x88 Drivers/STM32H7xx_HAL_Driver/Src/stm32h7xx_hal_cortex.o
                0x00000000080026cc                HAL_NVIC_SetPriority
 .text.HAL_NVIC_EnableIRQ
                0x0000000008002754       0x30 Drivers/STM32H7xx_HAL_Driver/Src/stm32h7xx_hal_cortex.o
                0x0000000008002754                HAL_NVIC_EnableIRQ
 .text.HAL_SYSTICK_Config
                0x0000000008002784       0x2c Drivers/STM32H7xx_HAL_Driver/Src/stm32h7xx_hal_cortex.o
                0x0000000008002784                HAL_SYSTICK_Config
 .text.DMA_CalcBaseAndBitshift
                0x00000000080027b0       0xb8 Drivers/STM32H7xx_HAL_Driver/Src/stm32h7xx_hal_dma.o
 .text.DMA_CheckFifoParam
                0x0000000008002868       0x92 Drivers/STM32H7xx_HAL_Driver/Src/stm32h7xx_hal_dma.o
 *fill*         0x00000000080028fa        0x2 
 .text.DMA_CalcDMAMUXChannelBaseAndMask
                0x00000000080028fc       0xb0 Drivers/STM32H7xx_HAL_Driver/Src/stm32h7xx_hal_dma.o
 .text.DMA_CalcDMAMUXRequestGenBaseAndMask
                0x00000000080029ac       0x7c Drivers/STM32H7xx_HAL_Driver/Src/stm32h7xx_hal_dma.o
 .text.HAL_DMA_Init
                0x0000000008002a28      0x508 Drivers/STM32H7xx_HAL_Driver/Src/stm32h7xx_hal_dma.o
                0x0000000008002a28                HAL_DMA_Init
 .text.HAL_DMA_Abort_IT
                0x0000000008002f30      0x1e4 Drivers/STM32H7xx_HAL_Driver/Src/stm32h7xx_hal_dma.o
                0x0000000008002f30                HAL_DMA_Abort_IT
 .text.HAL_DMA_IRQHandler
                0x0000000008003114      0x738 Drivers/STM32H7xx_HAL_Driver/Src/stm32h7xx_hal_dma.o
                0x0000000008003114                HAL_DMA_IRQHandler
 .text.HAL_GPIO_Init
                0x000000000800384c      0x398 Drivers/STM32H7xx_HAL_Driver/Src/stm32h7xx_hal_gpio.o
                0x000000000800384c                HAL_GPIO_Init
 .text.HAL_GPIO_WritePin
                0x0000000008003be4       0x38 Drivers/STM32H7xx_HAL_Driver/Src/stm32h7xx_hal_gpio.o
                0x0000000008003be4                HAL_GPIO_WritePin
 .text.HAL_GPIO_EXTI_Callback
                0x0000000008003c1c        0x2 Drivers/STM32H7xx_HAL_Driver/Src/stm32h7xx_hal_gpio.o
                0x0000000008003c1c                HAL_GPIO_EXTI_Callback
 *fill*         0x0000000008003c1e        0x2 
 .text.HAL_GPIO_EXTI_IRQHandler
                0x0000000008003c20       0x1c Drivers/STM32H7xx_HAL_Driver/Src/stm32h7xx_hal_gpio.o
                0x0000000008003c20                HAL_GPIO_EXTI_IRQHandler
 .text.HAL_PWREx_ConfigSupply
                0x0000000008003c3c       0x68 Drivers/STM32H7xx_HAL_Driver/Src/stm32h7xx_hal_pwr_ex.o
                0x0000000008003c3c                HAL_PWREx_ConfigSupply
 .text.HAL_RCC_OscConfig
                0x0000000008003ca4      0x740 Drivers/STM32H7xx_HAL_Driver/Src/stm32h7xx_hal_rcc.o
                0x0000000008003ca4                HAL_RCC_OscConfig
 .text.HAL_RCC_GetSysClockFreq
                0x00000000080043e4      0x1ec Drivers/STM32H7xx_HAL_Driver/Src/stm32h7xx_hal_rcc.o
                0x00000000080043e4                HAL_RCC_GetSysClockFreq
 .text.HAL_RCC_ClockConfig
                0x00000000080045d0      0x4dc Drivers/STM32H7xx_HAL_Driver/Src/stm32h7xx_hal_rcc.o
                0x00000000080045d0                HAL_RCC_ClockConfig
 .text.HAL_RCC_GetHCLKFreq
                0x0000000008004aac       0x2c Drivers/STM32H7xx_HAL_Driver/Src/stm32h7xx_hal_rcc.o
                0x0000000008004aac                HAL_RCC_GetHCLKFreq
 .text.HAL_RCC_GetPCLK1Freq
                0x0000000008004ad8       0x24 Drivers/STM32H7xx_HAL_Driver/Src/stm32h7xx_hal_rcc.o
                0x0000000008004ad8                HAL_RCC_GetPCLK1Freq
 .text.HAL_RCC_GetPCLK2Freq
                0x0000000008004afc       0x24 Drivers/STM32H7xx_HAL_Driver/Src/stm32h7xx_hal_rcc.o
                0x0000000008004afc                HAL_RCC_GetPCLK2Freq
 .text.RCCEx_PLL2_Config
                0x0000000008004b20      0x1d4 Drivers/STM32H7xx_HAL_Driver/Src/stm32h7xx_hal_rcc_ex.o
 .text.RCCEx_PLL3_Config
                0x0000000008004cf4      0x1d8 Drivers/STM32H7xx_HAL_Driver/Src/stm32h7xx_hal_rcc_ex.o
 .text.HAL_RCCEx_PeriphCLKConfig
                0x0000000008004ecc      0xc78 Drivers/STM32H7xx_HAL_Driver/Src/stm32h7xx_hal_rcc_ex.o
                0x0000000008004ecc                HAL_RCCEx_PeriphCLKConfig
 .text.HAL_RCCEx_GetD3PCLK1Freq
                0x0000000008005b44       0x24 Drivers/STM32H7xx_HAL_Driver/Src/stm32h7xx_hal_rcc_ex.o
                0x0000000008005b44                HAL_RCCEx_GetD3PCLK1Freq
 .text.HAL_RCCEx_GetPLL2ClockFreq
                0x0000000008005b68      0x1fc Drivers/STM32H7xx_HAL_Driver/Src/stm32h7xx_hal_rcc_ex.o
                0x0000000008005b68                HAL_RCCEx_GetPLL2ClockFreq
 .text.HAL_RCCEx_GetPLL3ClockFreq
                0x0000000008005d64      0x1fc Drivers/STM32H7xx_HAL_Driver/Src/stm32h7xx_hal_rcc_ex.o
                0x0000000008005d64                HAL_RCCEx_GetPLL3ClockFreq
 .text.HAL_RCCEx_GetPLL1ClockFreq
                0x0000000008005f60      0x1fc Drivers/STM32H7xx_HAL_Driver/Src/stm32h7xx_hal_rcc_ex.o
                0x0000000008005f60                HAL_RCCEx_GetPLL1ClockFreq
 .text.HAL_RCCEx_GetPeriphCLKFreq
                0x000000000800615c      0x2dc Drivers/STM32H7xx_HAL_Driver/Src/stm32h7xx_hal_rcc_ex.o
                0x000000000800615c                HAL_RCCEx_GetPeriphCLKFreq
 .text.HAL_RCCEx_GetD1SysClockFreq
                0x0000000008006438       0x2c Drivers/STM32H7xx_HAL_Driver/Src/stm32h7xx_hal_rcc_ex.o
                0x0000000008006438                HAL_RCCEx_GetD1SysClockFreq
 .text.SPI_CloseTransfer
                0x0000000008006464       0xd0 Drivers/STM32H7xx_HAL_Driver/Src/stm32h7xx_hal_spi.o
 .text.SPI_GetPacketSize
                0x0000000008006534       0x10 Drivers/STM32H7xx_HAL_Driver/Src/stm32h7xx_hal_spi.o
 .text.HAL_SPI_Init
                0x0000000008006544      0x364 Drivers/STM32H7xx_HAL_Driver/Src/stm32h7xx_hal_spi.o
                0x0000000008006544                HAL_SPI_Init
 .text.HAL_SPI_TxCpltCallback
                0x00000000080068a8        0x2 Drivers/STM32H7xx_HAL_Driver/Src/stm32h7xx_hal_spi.o
                0x00000000080068a8                HAL_SPI_TxCpltCallback
 .text.HAL_SPI_RxCpltCallback
                0x00000000080068aa        0x2 Drivers/STM32H7xx_HAL_Driver/Src/stm32h7xx_hal_spi.o
                0x00000000080068aa                HAL_SPI_RxCpltCallback
 .text.HAL_SPI_TxRxCpltCallback
                0x00000000080068ac        0x2 Drivers/STM32H7xx_HAL_Driver/Src/stm32h7xx_hal_spi.o
                0x00000000080068ac                HAL_SPI_TxRxCpltCallback
 .text.HAL_SPI_ErrorCallback
                0x00000000080068ae        0x2 Drivers/STM32H7xx_HAL_Driver/Src/stm32h7xx_hal_spi.o
                0x00000000080068ae                HAL_SPI_ErrorCallback
 .text.HAL_SPI_IRQHandler
                0x00000000080068b0      0x258 Drivers/STM32H7xx_HAL_Driver/Src/stm32h7xx_hal_spi.o
                0x00000000080068b0                HAL_SPI_IRQHandler
 .text.SPI_DMAAbortOnError
                0x0000000008006b08       0x1a Drivers/STM32H7xx_HAL_Driver/Src/stm32h7xx_hal_spi.o
 *fill*         0x0000000008006b22        0x2 
 .text.TIM_OC5_SetConfig
                0x0000000008006b24       0x70 Drivers/STM32H7xx_HAL_Driver/Src/stm32h7xx_hal_tim.o
 .text.TIM_OC6_SetConfig
                0x0000000008006b94       0x70 Drivers/STM32H7xx_HAL_Driver/Src/stm32h7xx_hal_tim.o
 .text.TIM_TI1_ConfigInputStage
                0x0000000008006c04       0x26 Drivers/STM32H7xx_HAL_Driver/Src/stm32h7xx_hal_tim.o
 .text.TIM_TI2_ConfigInputStage
                0x0000000008006c2a       0x28 Drivers/STM32H7xx_HAL_Driver/Src/stm32h7xx_hal_tim.o
 *fill*         0x0000000008006c52        0x2 
 .text.TIM_ITRx_SetConfig
                0x0000000008006c54       0x14 Drivers/STM32H7xx_HAL_Driver/Src/stm32h7xx_hal_tim.o
 .text.TIM_OC1_SetConfig
                0x0000000008006c68      0x10c Drivers/STM32H7xx_HAL_Driver/Src/stm32h7xx_hal_tim.o
 .text.TIM_OC3_SetConfig
                0x0000000008006d74       0xf4 Drivers/STM32H7xx_HAL_Driver/Src/stm32h7xx_hal_tim.o
 .text.TIM_OC4_SetConfig
                0x0000000008006e68       0x98 Drivers/STM32H7xx_HAL_Driver/Src/stm32h7xx_hal_tim.o
 .text.HAL_TIM_PeriodElapsedCallback
                0x0000000008006f00        0x2 Drivers/STM32H7xx_HAL_Driver/Src/stm32h7xx_hal_tim.o
                0x0000000008006f00                HAL_TIM_PeriodElapsedCallback
 .text.HAL_TIM_OC_DelayElapsedCallback
                0x0000000008006f02        0x2 Drivers/STM32H7xx_HAL_Driver/Src/stm32h7xx_hal_tim.o
                0x0000000008006f02                HAL_TIM_OC_DelayElapsedCallback
 .text.HAL_TIM_IC_CaptureCallback
                0x0000000008006f04        0x2 Drivers/STM32H7xx_HAL_Driver/Src/stm32h7xx_hal_tim.o
                0x0000000008006f04                HAL_TIM_IC_CaptureCallback
 .text.HAL_TIM_PWM_PulseFinishedCallback
                0x0000000008006f06        0x2 Drivers/STM32H7xx_HAL_Driver/Src/stm32h7xx_hal_tim.o
                0x0000000008006f06                HAL_TIM_PWM_PulseFinishedCallback
 .text.HAL_TIM_TriggerCallback
                0x0000000008006f08        0x2 Drivers/STM32H7xx_HAL_Driver/Src/stm32h7xx_hal_tim.o
                0x0000000008006f08                HAL_TIM_TriggerCallback
 .text.HAL_TIM_IRQHandler
                0x0000000008006f0a      0x19a Drivers/STM32H7xx_HAL_Driver/Src/stm32h7xx_hal_tim.o
                0x0000000008006f0a                HAL_TIM_IRQHandler
 .text.TIM_Base_SetConfig
                0x00000000080070a4      0x100 Drivers/STM32H7xx_HAL_Driver/Src/stm32h7xx_hal_tim.o
                0x00000000080070a4                TIM_Base_SetConfig
 .text.HAL_TIM_Base_Init
                0x00000000080071a4      0x124 Drivers/STM32H7xx_HAL_Driver/Src/stm32h7xx_hal_tim.o
                0x00000000080071a4                HAL_TIM_Base_Init
 .text.HAL_TIM_OC_Init
                0x00000000080072c8      0x124 Drivers/STM32H7xx_HAL_Driver/Src/stm32h7xx_hal_tim.o
                0x00000000080072c8                HAL_TIM_OC_Init
 .text.TIM_OC2_SetConfig
                0x00000000080073ec       0xf8 Drivers/STM32H7xx_HAL_Driver/Src/stm32h7xx_hal_tim.o
                0x00000000080073ec                TIM_OC2_SetConfig
 .text.HAL_TIM_OC_ConfigChannel
                0x00000000080074e4      0x280 Drivers/STM32H7xx_HAL_Driver/Src/stm32h7xx_hal_tim.o
                0x00000000080074e4                HAL_TIM_OC_ConfigChannel
 .text.TIM_TI1_SetConfig
                0x0000000008007764       0x90 Drivers/STM32H7xx_HAL_Driver/Src/stm32h7xx_hal_tim.o
                0x0000000008007764                TIM_TI1_SetConfig
 .text.TIM_ETR_SetConfig
                0x00000000080077f4       0x18 Drivers/STM32H7xx_HAL_Driver/Src/stm32h7xx_hal_tim.o
                0x00000000080077f4                TIM_ETR_SetConfig
 .text.HAL_TIM_ConfigClockSource
                0x000000000800780c      0x4a8 Drivers/STM32H7xx_HAL_Driver/Src/stm32h7xx_hal_tim.o
                0x000000000800780c                HAL_TIM_ConfigClockSource
 .text.HAL_TIMEx_HallSensor_MspInit
                0x0000000008007cb4        0x2 Drivers/STM32H7xx_HAL_Driver/Src/stm32h7xx_hal_tim_ex.o
                0x0000000008007cb4                HAL_TIMEx_HallSensor_MspInit
 *fill*         0x0000000008007cb6        0x2 
 .text.HAL_TIMEx_HallSensor_Init
                0x0000000008007cb8      0x1cc Drivers/STM32H7xx_HAL_Driver/Src/stm32h7xx_hal_tim_ex.o
                0x0000000008007cb8                HAL_TIMEx_HallSensor_Init
 .text.HAL_TIMEx_MasterConfigSynchronization
                0x0000000008007e84      0x170 Drivers/STM32H7xx_HAL_Driver/Src/stm32h7xx_hal_tim_ex.o
                0x0000000008007e84                HAL_TIMEx_MasterConfigSynchronization
 .text.HAL_TIMEx_ConfigBreakDeadTime
                0x0000000008007ff4      0x1e4 Drivers/STM32H7xx_HAL_Driver/Src/stm32h7xx_hal_tim_ex.o
                0x0000000008007ff4                HAL_TIMEx_ConfigBreakDeadTime
 .text.HAL_TIMEx_CommutCallback
                0x00000000080081d8        0x2 Drivers/STM32H7xx_HAL_Driver/Src/stm32h7xx_hal_tim_ex.o
                0x00000000080081d8                HAL_TIMEx_CommutCallback
 .text.HAL_TIMEx_BreakCallback
                0x00000000080081da        0x2 Drivers/STM32H7xx_HAL_Driver/Src/stm32h7xx_hal_tim_ex.o
                0x00000000080081da                HAL_TIMEx_BreakCallback
 .text.HAL_TIMEx_Break2Callback
                0x00000000080081dc        0x2 Drivers/STM32H7xx_HAL_Driver/Src/stm32h7xx_hal_tim_ex.o
                0x00000000080081dc                HAL_TIMEx_Break2Callback
 *fill*         0x00000000080081de        0x2 
 .text.UART_SetConfig
                0x00000000080081e0     0x1834 Drivers/STM32H7xx_HAL_Driver/Src/stm32h7xx_hal_uart.o
                0x00000000080081e0                UART_SetConfig
 .text.UART_AdvFeatureConfig
                0x0000000008009a14      0x26c Drivers/STM32H7xx_HAL_Driver/Src/stm32h7xx_hal_uart.o
                0x0000000008009a14                UART_AdvFeatureConfig
 .text.UART_WaitOnFlagUntilTimeout
                0x0000000008009c80       0x64 Drivers/STM32H7xx_HAL_Driver/Src/stm32h7xx_hal_uart.o
                0x0000000008009c80                UART_WaitOnFlagUntilTimeout
 .text.HAL_UART_Transmit
                0x0000000008009ce4       0xe4 Drivers/STM32H7xx_HAL_Driver/Src/stm32h7xx_hal_uart.o
                0x0000000008009ce4                HAL_UART_Transmit
 .text.UART_CheckIdleState
                0x0000000008009dc8       0x72 Drivers/STM32H7xx_HAL_Driver/Src/stm32h7xx_hal_uart.o
                0x0000000008009dc8                UART_CheckIdleState
 *fill*         0x0000000008009e3a        0x2 
 .text.HAL_UART_Init
                0x0000000008009e3c      0x124 Drivers/STM32H7xx_HAL_Driver/Src/stm32h7xx_hal_uart.o
                0x0000000008009e3c                HAL_UART_Init
 .text.UARTEx_SetNbDataToProcess
                0x0000000008009f60       0x74 Drivers/STM32H7xx_HAL_Driver/Src/stm32h7xx_hal_uart_ex.o
 .text.HAL_UARTEx_DisableFifoMode
                0x0000000008009fd4       0x94 Drivers/STM32H7xx_HAL_Driver/Src/stm32h7xx_hal_uart_ex.o
                0x0000000008009fd4                HAL_UARTEx_DisableFifoMode
 .text.HAL_UARTEx_SetTxFifoThreshold
                0x000000000800a068       0xe0 Drivers/STM32H7xx_HAL_Driver/Src/stm32h7xx_hal_uart_ex.o
                0x000000000800a068                HAL_UARTEx_SetTxFifoThreshold
 .text.HAL_UARTEx_SetRxFifoThreshold
                0x000000000800a148       0xe0 Drivers/STM32H7xx_HAL_Driver/Src/stm32h7xx_hal_uart_ex.o
                0x000000000800a148                HAL_UARTEx_SetRxFifoThreshold
 .text.Reset_Handler
                0x000000000800a228       0x50 startup/startup_stm32h743xx.o
                0x000000000800a228                Reset_Handler
 .text.Default_Handler
                0x000000000800a278        0x2 startup/startup_stm32h743xx.o
                0x000000000800a278                RTC_Alarm_IRQHandler
                0x000000000800a278                EXTI2_IRQHandler
                0x000000000800a278                TIM8_CC_IRQHandler
                0x000000000800a278                HRTIM1_Master_IRQHandler
                0x000000000800a278                UART8_IRQHandler
                0x000000000800a278                SPI4_IRQHandler
                0x000000000800a278                TIM1_CC_IRQHandler
                0x000000000800a278                BDMA_Channel6_IRQHandler
                0x000000000800a278                DMA2_Stream5_IRQHandler
                0x000000000800a278                HRTIM1_FLT_IRQHandler
                0x000000000800a278                JPEG_IRQHandler
                0x000000000800a278                DMA1_Stream5_IRQHandler
                0x000000000800a278                BDMA_Channel1_IRQHandler
                0x000000000800a278                HRTIM1_TIMD_IRQHandler
                0x000000000800a278                TAMP_STAMP_IRQHandler
                0x000000000800a278                EXTI3_IRQHandler
                0x000000000800a278                LPTIM4_IRQHandler
                0x000000000800a278                TIM8_TRG_COM_TIM14_IRQHandler
                0x000000000800a278                LPTIM2_IRQHandler
                0x000000000800a278                DFSDM1_FLT1_IRQHandler
                0x000000000800a278                DMAMUX2_OVR_IRQHandler
                0x000000000800a278                TIM8_UP_TIM13_IRQHandler
                0x000000000800a278                I2C3_ER_IRQHandler
                0x000000000800a278                DFSDM1_FLT2_IRQHandler
                0x000000000800a278                MDMA_IRQHandler
                0x000000000800a278                LPTIM3_IRQHandler
                0x000000000800a278                HSEM1_IRQHandler
                0x000000000800a278                EXTI0_IRQHandler
                0x000000000800a278                I2C2_EV_IRQHandler
                0x000000000800a278                DMA1_Stream2_IRQHandler
                0x000000000800a278                FPU_IRQHandler
                0x000000000800a278                OTG_HS_WKUP_IRQHandler
                0x000000000800a278                FDCAN1_IT1_IRQHandler
                0x000000000800a278                LTDC_ER_IRQHandler
                0x000000000800a278                DMA2_Stream2_IRQHandler
                0x000000000800a278                HRTIM1_TIME_IRQHandler
                0x000000000800a278                DCMI_IRQHandler
                0x000000000800a278                HRTIM1_TIMC_IRQHandler
                0x000000000800a278                DMA2_Stream3_IRQHandler
                0x000000000800a278                SAI2_IRQHandler
                0x000000000800a278                DFSDM1_FLT3_IRQHandler
                0x000000000800a278                USART6_IRQHandler
                0x000000000800a278                TIM17_IRQHandler
                0x000000000800a278                USART3_IRQHandler
                0x000000000800a278                BDMA_Channel7_IRQHandler
                0x000000000800a278                LPTIM5_IRQHandler
                0x000000000800a278                UART5_IRQHandler
                0x000000000800a278                ADC3_IRQHandler
                0x000000000800a278                DMA2_Stream0_IRQHandler
                0x000000000800a278                TIM4_IRQHandler
                0x000000000800a278                BDMA_Channel2_IRQHandler
                0x000000000800a278                QUADSPI_IRQHandler
                0x000000000800a278                I2C1_EV_IRQHandler
                0x000000000800a278                DMA1_Stream6_IRQHandler
                0x000000000800a278                DMAMUX1_OVR_IRQHandler
                0x000000000800a278                DMA1_Stream1_IRQHandler
                0x000000000800a278                TIM16_IRQHandler
                0x000000000800a278                UART4_IRQHandler
                0x000000000800a278                BDMA_Channel5_IRQHandler
                0x000000000800a278                TIM3_IRQHandler
                0x000000000800a278                RCC_IRQHandler
                0x000000000800a278                TIM8_BRK_TIM12_IRQHandler
                0x000000000800a278                Default_Handler
                0x000000000800a278                ECC_IRQHandler
                0x000000000800a278                CEC_IRQHandler
                0x000000000800a278                BDMA_Channel0_IRQHandler
                0x000000000800a278                ADC_IRQHandler
                0x000000000800a278                DMA1_Stream7_IRQHandler
                0x000000000800a278                HRTIM1_TIMA_IRQHandler
                0x000000000800a278                SPI5_IRQHandler
                0x000000000800a278                TIM7_IRQHandler
                0x000000000800a278                SDMMC1_IRQHandler
                0x000000000800a278                TIM5_IRQHandler
                0x000000000800a278                DMA2_Stream7_IRQHandler
                0x000000000800a278                TIM15_IRQHandler
                0x000000000800a278                PVD_AVD_IRQHandler
                0x000000000800a278                I2C3_EV_IRQHandler
                0x000000000800a278                EXTI9_5_IRQHandler
                0x000000000800a278                RTC_WKUP_IRQHandler
                0x000000000800a278                LTDC_IRQHandler
                0x000000000800a278                SAI3_IRQHandler
                0x000000000800a278                ETH_WKUP_IRQHandler
                0x000000000800a278                SPDIF_RX_IRQHandler
                0x000000000800a278                SPI2_IRQHandler
                0x000000000800a278                OTG_HS_EP1_IN_IRQHandler
                0x000000000800a278                CRS_IRQHandler
                0x000000000800a278                EXTI4_IRQHandler
                0x000000000800a278                RNG_IRQHandler
                0x000000000800a278                HRTIM1_TIMB_IRQHandler
                0x000000000800a278                FDCAN2_IT1_IRQHandler
                0x000000000800a278                ETH_IRQHandler
                0x000000000800a278                TIM1_UP_IRQHandler
                0x000000000800a278                BDMA_Channel4_IRQHandler
                0x000000000800a278                OTG_HS_EP1_OUT_IRQHandler
                0x000000000800a278                WWDG_IRQHandler
                0x000000000800a278                SPI6_IRQHandler
                0x000000000800a278                MDIOS_IRQHandler
                0x000000000800a278                I2C4_EV_IRQHandler
                0x000000000800a278                FDCAN2_IT0_IRQHandler
                0x000000000800a278                LPUART1_IRQHandler
                0x000000000800a278                FDCAN1_IT0_IRQHandler
                0x000000000800a278                OTG_FS_WKUP_IRQHandler
                0x000000000800a278                OTG_HS_IRQHandler
                0x000000000800a278                DMA2D_IRQHandler
                0x000000000800a278                EXTI1_IRQHandler
                0x000000000800a278                SDMMC2_IRQHandler
                0x000000000800a278                OTG_FS_EP1_OUT_IRQHandler
                0x000000000800a278                BDMA_Channel3_IRQHandler
                0x000000000800a278                UART7_IRQHandler
                0x000000000800a278                MDIOS_WKUP_IRQHandler
                0x000000000800a278                USART2_IRQHandler
                0x000000000800a278                DFSDM1_FLT0_IRQHandler
                0x000000000800a278                SAI4_IRQHandler
                0x000000000800a278                I2C2_ER_IRQHandler
                0x000000000800a278                DMA2_Stream1_IRQHandler
                0x000000000800a278                FLASH_IRQHandler
                0x000000000800a278                DMA2_Stream4_IRQHandler
                0x000000000800a278                USART1_IRQHandler
                0x000000000800a278                OTG_FS_IRQHandler
                0x000000000800a278                SPI3_IRQHandler
                0x000000000800a278                WAKEUP_PIN_IRQHandler
                0x000000000800a278                DMA1_Stream4_IRQHandler
                0x000000000800a278                OTG_FS_EP1_IN_IRQHandler
                0x000000000800a278                I2C1_ER_IRQHandler
                0x000000000800a278                FMC_IRQHandler
                0x000000000800a278                FDCAN_CAL_IRQHandler
                0x000000000800a278                SWPMI1_IRQHandler
                0x000000000800a278                COMP1_IRQHandler
                0x000000000800a278                LPTIM1_IRQHandler
                0x000000000800a278                I2C4_ER_IRQHandler
                0x000000000800a278                DMA2_Stream6_IRQHandler
                0x000000000800a278                SAI1_IRQHandler
                0x000000000800a278                DMA1_Stream3_IRQHandler
 *fill*         0x000000000800a27a        0x2 
 .text.__errno  0x000000000800a27c        0xc /home/zhonx/.opt/AC6/plugins/fr.ac6.mcu.externaltools.arm-none.linux64_1.17.0.201812190825/tools/compiler/bin/../lib/gcc/arm-none-eabi/7.3.1/../../../../arm-none-eabi/lib/thumb/v7e-m/fpv5/hard/libc_nano.a(lib_a-errno.o)
                0x000000000800a27c                __errno
 .text.__libc_init_array
                0x000000000800a288       0x48 /home/zhonx/.opt/AC6/plugins/fr.ac6.mcu.externaltools.arm-none.linux64_1.17.0.201812190825/tools/compiler/bin/../lib/gcc/arm-none-eabi/7.3.1/../../../../arm-none-eabi/lib/thumb/v7e-m/fpv5/hard/libc_nano.a(lib_a-init.o)
                0x000000000800a288                __libc_init_array
 .text.memset   0x000000000800a2d0       0x10 /home/zhonx/.opt/AC6/plugins/fr.ac6.mcu.externaltools.arm-none.linux64_1.17.0.201812190825/tools/compiler/bin/../lib/gcc/arm-none-eabi/7.3.1/../../../../arm-none-eabi/lib/thumb/v7e-m/fpv5/hard/libc_nano.a(lib_a-memset.o)
                0x000000000800a2d0                memset
 .text.printf   0x000000000800a2e0       0x30 /home/zhonx/.opt/AC6/plugins/fr.ac6.mcu.externaltools.arm-none.linux64_1.17.0.201812190825/tools/compiler/bin/../lib/gcc/arm-none-eabi/7.3.1/../../../../arm-none-eabi/lib/thumb/v7e-m/fpv5/hard/libc_nano.a(lib_a-printf.o)
                0x000000000800a2e0                printf
                0x000000000800a2e0                iprintf
 .text.std      0x000000000800a310       0x48 /home/zhonx/.opt/AC6/plugins/fr.ac6.mcu.externaltools.arm-none.linux64_1.17.0.201812190825/tools/compiler/bin/../lib/gcc/arm-none-eabi/7.3.1/../../../../arm-none-eabi/lib/thumb/v7e-m/fpv5/hard/libc_nano.a(lib_a-findfp.o)
 .text._cleanup_r
                0x000000000800a358        0xc /home/zhonx/.opt/AC6/plugins/fr.ac6.mcu.externaltools.arm-none.linux64_1.17.0.201812190825/tools/compiler/bin/../lib/gcc/arm-none-eabi/7.3.1/../../../../arm-none-eabi/lib/thumb/v7e-m/fpv5/hard/libc_nano.a(lib_a-findfp.o)
                0x000000000800a358                _cleanup_r
 .text.__sfmoreglue
                0x000000000800a364       0x2c /home/zhonx/.opt/AC6/plugins/fr.ac6.mcu.externaltools.arm-none.linux64_1.17.0.201812190825/tools/compiler/bin/../lib/gcc/arm-none-eabi/7.3.1/../../../../arm-none-eabi/lib/thumb/v7e-m/fpv5/hard/libc_nano.a(lib_a-findfp.o)
                0x000000000800a364                __sfmoreglue
 .text.__sinit  0x000000000800a390       0x60 /home/zhonx/.opt/AC6/plugins/fr.ac6.mcu.externaltools.arm-none.linux64_1.17.0.201812190825/tools/compiler/bin/../lib/gcc/arm-none-eabi/7.3.1/../../../../arm-none-eabi/lib/thumb/v7e-m/fpv5/hard/libc_nano.a(lib_a-findfp.o)
                0x000000000800a390                __sinit
 .text.__sfp    0x000000000800a3f0       0x78 /home/zhonx/.opt/AC6/plugins/fr.ac6.mcu.externaltools.arm-none.linux64_1.17.0.201812190825/tools/compiler/bin/../lib/gcc/arm-none-eabi/7.3.1/../../../../arm-none-eabi/lib/thumb/v7e-m/fpv5/hard/libc_nano.a(lib_a-findfp.o)
                0x000000000800a3f0                __sfp
 .text._fwalk_reent
                0x000000000800a468       0x3c /home/zhonx/.opt/AC6/plugins/fr.ac6.mcu.externaltools.arm-none.linux64_1.17.0.201812190825/tools/compiler/bin/../lib/gcc/arm-none-eabi/7.3.1/../../../../arm-none-eabi/lib/thumb/v7e-m/fpv5/hard/libc_nano.a(lib_a-fwalk.o)
                0x000000000800a468                _fwalk_reent
 .text._malloc_r
                0x000000000800a4a4       0xb4 /home/zhonx/.opt/AC6/plugins/fr.ac6.mcu.externaltools.arm-none.linux64_1.17.0.201812190825/tools/compiler/bin/../lib/gcc/arm-none-eabi/7.3.1/../../../../arm-none-eabi/lib/thumb/v7e-m/fpv5/hard/libc_nano.a(lib_a-nano-mallocr.o)
                0x000000000800a4a4                _malloc_r
 .text.__sfputc_r
                0x000000000800a558       0x2e /home/zhonx/.opt/AC6/plugins/fr.ac6.mcu.externaltools.arm-none.linux64_1.17.0.201812190825/tools/compiler/bin/../lib/gcc/arm-none-eabi/7.3.1/../../../../arm-none-eabi/lib/thumb/v7e-m/fpv5/hard/libc_nano.a(lib_a-nano-vfprintf.o)
 .text.__sfputs_r
                0x000000000800a586       0x24 /home/zhonx/.opt/AC6/plugins/fr.ac6.mcu.externaltools.arm-none.linux64_1.17.0.201812190825/tools/compiler/bin/../lib/gcc/arm-none-eabi/7.3.1/../../../../arm-none-eabi/lib/thumb/v7e-m/fpv5/hard/libc_nano.a(lib_a-nano-vfprintf.o)
                0x000000000800a586                __sfputs_r
 *fill*         0x000000000800a5aa        0x2 
 .text._vfprintf_r
                0x000000000800a5ac      0x22c /home/zhonx/.opt/AC6/plugins/fr.ac6.mcu.externaltools.arm-none.linux64_1.17.0.201812190825/tools/compiler/bin/../lib/gcc/arm-none-eabi/7.3.1/../../../../arm-none-eabi/lib/thumb/v7e-m/fpv5/hard/libc_nano.a(lib_a-nano-vfprintf.o)
                0x000000000800a5ac                _vfiprintf_r
                0x000000000800a5ac                _vfprintf_r
 .text._printf_common
                0x000000000800a7d8       0xea /home/zhonx/.opt/AC6/plugins/fr.ac6.mcu.externaltools.arm-none.linux64_1.17.0.201812190825/tools/compiler/bin/../lib/gcc/arm-none-eabi/7.3.1/../../../../arm-none-eabi/lib/thumb/v7e-m/fpv5/hard/libc_nano.a(lib_a-nano-vfprintf_i.o)
                0x000000000800a7d8                _printf_common
 *fill*         0x000000000800a8c2        0x2 
 .text._printf_i
                0x000000000800a8c4      0x224 /home/zhonx/.opt/AC6/plugins/fr.ac6.mcu.externaltools.arm-none.linux64_1.17.0.201812190825/tools/compiler/bin/../lib/gcc/arm-none-eabi/7.3.1/../../../../arm-none-eabi/lib/thumb/v7e-m/fpv5/hard/libc_nano.a(lib_a-nano-vfprintf_i.o)
                0x000000000800a8c4                _printf_i
 .text._sbrk_r  0x000000000800aae8       0x20 /home/zhonx/.opt/AC6/plugins/fr.ac6.mcu.externaltools.arm-none.linux64_1.17.0.201812190825/tools/compiler/bin/../lib/gcc/arm-none-eabi/7.3.1/../../../../arm-none-eabi/lib/thumb/v7e-m/fpv5/hard/libc_nano.a(lib_a-sbrkr.o)
                0x000000000800aae8                _sbrk_r
 .text.__sread  0x000000000800ab08       0x22 /home/zhonx/.opt/AC6/plugins/fr.ac6.mcu.externaltools.arm-none.linux64_1.17.0.201812190825/tools/compiler/bin/../lib/gcc/arm-none-eabi/7.3.1/../../../../arm-none-eabi/lib/thumb/v7e-m/fpv5/hard/libc_nano.a(lib_a-stdio.o)
                0x000000000800ab08                __sread
 .text.__swrite
                0x000000000800ab2a       0x38 /home/zhonx/.opt/AC6/plugins/fr.ac6.mcu.externaltools.arm-none.linux64_1.17.0.201812190825/tools/compiler/bin/../lib/gcc/arm-none-eabi/7.3.1/../../../../arm-none-eabi/lib/thumb/v7e-m/fpv5/hard/libc_nano.a(lib_a-stdio.o)
                0x000000000800ab2a                __swrite
 .text.__sseek  0x000000000800ab62       0x24 /home/zhonx/.opt/AC6/plugins/fr.ac6.mcu.externaltools.arm-none.linux64_1.17.0.201812190825/tools/compiler/bin/../lib/gcc/arm-none-eabi/7.3.1/../../../../arm-none-eabi/lib/thumb/v7e-m/fpv5/hard/libc_nano.a(lib_a-stdio.o)
                0x000000000800ab62                __sseek
 .text.__sclose
                0x000000000800ab86        0x8 /home/zhonx/.opt/AC6/plugins/fr.ac6.mcu.externaltools.arm-none.linux64_1.17.0.201812190825/tools/compiler/bin/../lib/gcc/arm-none-eabi/7.3.1/../../../../arm-none-eabi/lib/thumb/v7e-m/fpv5/hard/libc_nano.a(lib_a-stdio.o)
                0x000000000800ab86                __sclose
 *fill*         0x000000000800ab8e        0x2 
 .text.__swbuf_r
                0x000000000800ab90       0xa4 /home/zhonx/.opt/AC6/plugins/fr.ac6.mcu.externaltools.arm-none.linux64_1.17.0.201812190825/tools/compiler/bin/../lib/gcc/arm-none-eabi/7.3.1/../../../../arm-none-eabi/lib/thumb/v7e-m/fpv5/hard/libc_nano.a(lib_a-wbuf.o)
                0x000000000800ab90                __swbuf_r
 .text._write_r
                0x000000000800ac34       0x24 /home/zhonx/.opt/AC6/plugins/fr.ac6.mcu.externaltools.arm-none.linux64_1.17.0.201812190825/tools/compiler/bin/../lib/gcc/arm-none-eabi/7.3.1/../../../../arm-none-eabi/lib/thumb/v7e-m/fpv5/hard/libc_nano.a(lib_a-writer.o)
                0x000000000800ac34                _write_r
 .text.__swsetup_r
                0x000000000800ac58       0xdc /home/zhonx/.opt/AC6/plugins/fr.ac6.mcu.externaltools.arm-none.linux64_1.17.0.201812190825/tools/compiler/bin/../lib/gcc/arm-none-eabi/7.3.1/../../../../arm-none-eabi/lib/thumb/v7e-m/fpv5/hard/libc_nano.a(lib_a-wsetup.o)
                0x000000000800ac58                __swsetup_r
 .text._close_r
                0x000000000800ad34       0x20 /home/zhonx/.opt/AC6/plugins/fr.ac6.mcu.externaltools.arm-none.linux64_1.17.0.201812190825/tools/compiler/bin/../lib/gcc/arm-none-eabi/7.3.1/../../../../arm-none-eabi/lib/thumb/v7e-m/fpv5/hard/libc_nano.a(lib_a-closer.o)
                0x000000000800ad34                _close_r
 .text.__sflush_r
                0x000000000800ad54      0x10c /home/zhonx/.opt/AC6/plugins/fr.ac6.mcu.externaltools.arm-none.linux64_1.17.0.201812190825/tools/compiler/bin/../lib/gcc/arm-none-eabi/7.3.1/../../../../arm-none-eabi/lib/thumb/v7e-m/fpv5/hard/libc_nano.a(lib_a-fflush.o)
                0x000000000800ad54                __sflush_r
 .text._fflush_r
                0x000000000800ae60       0x54 /home/zhonx/.opt/AC6/plugins/fr.ac6.mcu.externaltools.arm-none.linux64_1.17.0.201812190825/tools/compiler/bin/../lib/gcc/arm-none-eabi/7.3.1/../../../../arm-none-eabi/lib/thumb/v7e-m/fpv5/hard/libc_nano.a(lib_a-fflush.o)
                0x000000000800ae60                _fflush_r
 .text._lseek_r
                0x000000000800aeb4       0x24 /home/zhonx/.opt/AC6/plugins/fr.ac6.mcu.externaltools.arm-none.linux64_1.17.0.201812190825/tools/compiler/bin/../lib/gcc/arm-none-eabi/7.3.1/../../../../arm-none-eabi/lib/thumb/v7e-m/fpv5/hard/libc_nano.a(lib_a-lseekr.o)
                0x000000000800aeb4                _lseek_r
 .text.__swhatbuf_r
                0x000000000800aed8       0x48 /home/zhonx/.opt/AC6/plugins/fr.ac6.mcu.externaltools.arm-none.linux64_1.17.0.201812190825/tools/compiler/bin/../lib/gcc/arm-none-eabi/7.3.1/../../../../arm-none-eabi/lib/thumb/v7e-m/fpv5/hard/libc_nano.a(lib_a-makebuf.o)
                0x000000000800aed8                __swhatbuf_r
 .text.__smakebuf_r
                0x000000000800af20       0x80 /home/zhonx/.opt/AC6/plugins/fr.ac6.mcu.externaltools.arm-none.linux64_1.17.0.201812190825/tools/compiler/bin/../lib/gcc/arm-none-eabi/7.3.1/../../../../arm-none-eabi/lib/thumb/v7e-m/fpv5/hard/libc_nano.a(lib_a-makebuf.o)
                0x000000000800af20                __smakebuf_r
 .text.__malloc_lock
                0x000000000800afa0        0x2 /home/zhonx/.opt/AC6/plugins/fr.ac6.mcu.externaltools.arm-none.linux64_1.17.0.201812190825/tools/compiler/bin/../lib/gcc/arm-none-eabi/7.3.1/../../../../arm-none-eabi/lib/thumb/v7e-m/fpv5/hard/libc_nano.a(lib_a-mlock.o)
                0x000000000800afa0                __malloc_lock
 .text.__malloc_unlock
                0x000000000800afa2        0x2 /home/zhonx/.opt/AC6/plugins/fr.ac6.mcu.externaltools.arm-none.linux64_1.17.0.201812190825/tools/compiler/bin/../lib/gcc/arm-none-eabi/7.3.1/../../../../arm-none-eabi/lib/thumb/v7e-m/fpv5/hard/libc_nano.a(lib_a-mlock.o)
                0x000000000800afa2                __malloc_unlock
 .text._free_r  0x000000000800afa4       0x9c /home/zhonx/.opt/AC6/plugins/fr.ac6.mcu.externaltools.arm-none.linux64_1.17.0.201812190825/tools/compiler/bin/../lib/gcc/arm-none-eabi/7.3.1/../../../../arm-none-eabi/lib/thumb/v7e-m/fpv5/hard/libc_nano.a(lib_a-nano-freer.o)
                0x000000000800afa4                _free_r
 .text._read_r  0x000000000800b040       0x24 /home/zhonx/.opt/AC6/plugins/fr.ac6.mcu.externaltools.arm-none.linux64_1.17.0.201812190825/tools/compiler/bin/../lib/gcc/arm-none-eabi/7.3.1/../../../../arm-none-eabi/lib/thumb/v7e-m/fpv5/hard/libc_nano.a(lib_a-readr.o)
                0x000000000800b040                _read_r
 .text._fstat_r
                0x000000000800b064       0x24 /home/zhonx/.opt/AC6/plugins/fr.ac6.mcu.externaltools.arm-none.linux64_1.17.0.201812190825/tools/compiler/bin/../lib/gcc/arm-none-eabi/7.3.1/../../../../arm-none-eabi/lib/thumb/v7e-m/fpv5/hard/libc_nano.a(lib_a-fstatr.o)
                0x000000000800b064                _fstat_r
 .text._isatty_r
                0x000000000800b088       0x20 /home/zhonx/.opt/AC6/plugins/fr.ac6.mcu.externaltools.arm-none.linux64_1.17.0.201812190825/tools/compiler/bin/../lib/gcc/arm-none-eabi/7.3.1/../../../../arm-none-eabi/lib/thumb/v7e-m/fpv5/hard/libc_nano.a(lib_a-isattyr.o)
                0x000000000800b088                _isatty_r
 *(.glue_7)
 .glue_7        0x000000000800b0a8        0x0 linker stubs
 *(.glue_7t)
 .glue_7t       0x000000000800b0a8        0x0 linker stubs
 *(.eh_frame)
 .eh_frame      0x000000000800b0a8        0x0 /home/zhonx/.opt/AC6/plugins/fr.ac6.mcu.externaltools.arm-none.linux64_1.17.0.201812190825/tools/compiler/bin/../lib/gcc/arm-none-eabi/7.3.1/thumb/v7e-m/fpv5/hard/crtbegin.o
 *(.init)
 .init          0x000000000800b0a8        0x4 /home/zhonx/.opt/AC6/plugins/fr.ac6.mcu.externaltools.arm-none.linux64_1.17.0.201812190825/tools/compiler/bin/../lib/gcc/arm-none-eabi/7.3.1/thumb/v7e-m/fpv5/hard/crti.o
                0x000000000800b0a8                _init
 .init          0x000000000800b0ac        0x8 /home/zhonx/.opt/AC6/plugins/fr.ac6.mcu.externaltools.arm-none.linux64_1.17.0.201812190825/tools/compiler/bin/../lib/gcc/arm-none-eabi/7.3.1/thumb/v7e-m/fpv5/hard/crtn.o
 *(.fini)
 .fini          0x000000000800b0b4        0x4 /home/zhonx/.opt/AC6/plugins/fr.ac6.mcu.externaltools.arm-none.linux64_1.17.0.201812190825/tools/compiler/bin/../lib/gcc/arm-none-eabi/7.3.1/thumb/v7e-m/fpv5/hard/crti.o
                0x000000000800b0b4                _fini
 .fini          0x000000000800b0b8        0x8 /home/zhonx/.opt/AC6/plugins/fr.ac6.mcu.externaltools.arm-none.linux64_1.17.0.201812190825/tools/compiler/bin/../lib/gcc/arm-none-eabi/7.3.1/thumb/v7e-m/fpv5/hard/crtn.o
                0x000000000800b0c0                . = ALIGN (0x4)
                0x000000000800b0c0                _etext = .

.vfp11_veneer   0x000000000800b0c0        0x0
 .vfp11_veneer  0x000000000800b0c0        0x0 linker stubs

.v4_bx          0x000000000800b0c0        0x0
 .v4_bx         0x000000000800b0c0        0x0 linker stubs

.iplt           0x000000000800b0c0        0x0
 .iplt          0x000000000800b0c0        0x0 /home/zhonx/.opt/AC6/plugins/fr.ac6.mcu.externaltools.arm-none.linux64_1.17.0.201812190825/tools/compiler/bin/../lib/gcc/arm-none-eabi/7.3.1/thumb/v7e-m/fpv5/hard/crtbegin.o

.rodata         0x000000000800b0c0      0x400
                0x000000000800b0c0                . = ALIGN (0x4)
 *(.rodata)
 .rodata        0x000000000800b0c0       0x10 Core/Src/system_stm32h7xx.o
                0x000000000800b0c0                D1CorePrescTable
 .rodata        0x000000000800b0d0        0x8 Drivers/STM32H7xx_HAL_Driver/Src/stm32h7xx_hal_dma.o
 .rodata        0x000000000800b0d8       0x10 Drivers/STM32H7xx_HAL_Driver/Src/stm32h7xx_hal_uart_ex.o
 *(.rodata*)
 .rodata.str1.4
                0x000000000800b0e8       0x14 Core/Src/main.o
 .rodata.str1.4
                0x000000000800b0fc       0x34 Drivers/STM32H7xx_HAL_Driver/Src/stm32h7xx_hal.o
 .rodata.str1.4
                0x000000000800b130       0x38 Drivers/STM32H7xx_HAL_Driver/Src/stm32h7xx_hal_adc.o
 .rodata.str1.4
                0x000000000800b168       0x3b Drivers/STM32H7xx_HAL_Driver/Src/stm32h7xx_hal_adc_ex.o
 *fill*         0x000000000800b1a3        0x1 
 .rodata.str1.4
                0x000000000800b1a4       0x3b Drivers/STM32H7xx_HAL_Driver/Src/stm32h7xx_hal_cortex.o
 *fill*         0x000000000800b1df        0x1 
 .rodata.str1.4
                0x000000000800b1e0       0x38 Drivers/STM32H7xx_HAL_Driver/Src/stm32h7xx_hal_dma.o
 .rodata.str1.4
                0x000000000800b218       0x39 Drivers/STM32H7xx_HAL_Driver/Src/stm32h7xx_hal_gpio.o
 *fill*         0x000000000800b251        0x3 
 .rodata.str1.4
                0x000000000800b254       0x3b Drivers/STM32H7xx_HAL_Driver/Src/stm32h7xx_hal_pwr_ex.o
 *fill*         0x000000000800b28f        0x1 
 .rodata.str1.4
                0x000000000800b290       0x38 Drivers/STM32H7xx_HAL_Driver/Src/stm32h7xx_hal_rcc.o
 .rodata.str1.4
                0x000000000800b2c8       0x3b Drivers/STM32H7xx_HAL_Driver/Src/stm32h7xx_hal_rcc_ex.o
 *fill*         0x000000000800b303        0x1 
 .rodata.str1.4
                0x000000000800b304       0x38 Drivers/STM32H7xx_HAL_Driver/Src/stm32h7xx_hal_spi.o
 .rodata.str1.4
                0x000000000800b33c       0x38 Drivers/STM32H7xx_HAL_Driver/Src/stm32h7xx_hal_tim.o
 .rodata.str1.4
                0x000000000800b374       0x3b Drivers/STM32H7xx_HAL_Driver/Src/stm32h7xx_hal_tim_ex.o
 *fill*         0x000000000800b3af        0x1 
 .rodata.str1.4
                0x000000000800b3b0       0x39 Drivers/STM32H7xx_HAL_Driver/Src/stm32h7xx_hal_uart.o
 *fill*         0x000000000800b3e9        0x3 
 .rodata.str1.4
                0x000000000800b3ec       0x3c Drivers/STM32H7xx_HAL_Driver/Src/stm32h7xx_hal_uart_ex.o
 .rodata._global_impure_ptr
                0x000000000800b428        0x4 /home/zhonx/.opt/AC6/plugins/fr.ac6.mcu.externaltools.arm-none.linux64_1.17.0.201812190825/tools/compiler/bin/../lib/gcc/arm-none-eabi/7.3.1/../../../../arm-none-eabi/lib/thumb/v7e-m/fpv5/hard/libc_nano.a(lib_a-impure.o)
                0x000000000800b428                _global_impure_ptr
 .rodata.__sf_fake_stderr
                0x000000000800b42c       0x20 /home/zhonx/.opt/AC6/plugins/fr.ac6.mcu.externaltools.arm-none.linux64_1.17.0.201812190825/tools/compiler/bin/../lib/gcc/arm-none-eabi/7.3.1/../../../../arm-none-eabi/lib/thumb/v7e-m/fpv5/hard/libc_nano.a(lib_a-findfp.o)
                0x000000000800b42c                __sf_fake_stderr
 .rodata.__sf_fake_stdin
                0x000000000800b44c       0x20 /home/zhonx/.opt/AC6/plugins/fr.ac6.mcu.externaltools.arm-none.linux64_1.17.0.201812190825/tools/compiler/bin/../lib/gcc/arm-none-eabi/7.3.1/../../../../arm-none-eabi/lib/thumb/v7e-m/fpv5/hard/libc_nano.a(lib_a-findfp.o)
                0x000000000800b44c                __sf_fake_stdin
 .rodata.__sf_fake_stdout
                0x000000000800b46c       0x20 /home/zhonx/.opt/AC6/plugins/fr.ac6.mcu.externaltools.arm-none.linux64_1.17.0.201812190825/tools/compiler/bin/../lib/gcc/arm-none-eabi/7.3.1/../../../../arm-none-eabi/lib/thumb/v7e-m/fpv5/hard/libc_nano.a(lib_a-findfp.o)
                0x000000000800b46c                __sf_fake_stdout
 .rodata._vfprintf_r.str1.1
                0x000000000800b48c       0x11 /home/zhonx/.opt/AC6/plugins/fr.ac6.mcu.externaltools.arm-none.linux64_1.17.0.201812190825/tools/compiler/bin/../lib/gcc/arm-none-eabi/7.3.1/../../../../arm-none-eabi/lib/thumb/v7e-m/fpv5/hard/libc_nano.a(lib_a-nano-vfprintf.o)
 .rodata._printf_i.str1.1
                0x000000000800b49d       0x22 /home/zhonx/.opt/AC6/plugins/fr.ac6.mcu.externaltools.arm-none.linux64_1.17.0.201812190825/tools/compiler/bin/../lib/gcc/arm-none-eabi/7.3.1/../../../../arm-none-eabi/lib/thumb/v7e-m/fpv5/hard/libc_nano.a(lib_a-nano-vfprintf_i.o)
                0x000000000800b4c0                . = ALIGN (0x4)
 *fill*         0x000000000800b4bf        0x1 

.ARM.extab
 *(.ARM.extab* .gnu.linkonce.armextab.*)

.ARM            0x000000000800b4c0        0x8
                0x000000000800b4c0                __exidx_start = .
 *(.ARM.exidx*)
 .ARM.exidx     0x000000000800b4c0        0x8 /home/zhonx/.opt/AC6/plugins/fr.ac6.mcu.externaltools.arm-none.linux64_1.17.0.201812190825/tools/compiler/bin/../lib/gcc/arm-none-eabi/7.3.1/thumb/v7e-m/fpv5/hard/libgcc.a(_udivmoddi4.o)
                0x000000000800b4c8                __exidx_end = .

.rel.dyn        0x000000000800b4c8        0x0
 .rel.iplt      0x000000000800b4c8        0x0 /home/zhonx/.opt/AC6/plugins/fr.ac6.mcu.externaltools.arm-none.linux64_1.17.0.201812190825/tools/compiler/bin/../lib/gcc/arm-none-eabi/7.3.1/thumb/v7e-m/fpv5/hard/crtbegin.o

.preinit_array  0x000000000800b4c8        0x0
                0x000000000800b4c8                PROVIDE (__preinit_array_start = .)
 *(.preinit_array*)
                0x000000000800b4c8                PROVIDE (__preinit_array_end = .)

.init_array     0x000000000800b4c8        0x4
                0x000000000800b4c8                PROVIDE (__init_array_start = .)
 *(SORT_BY_NAME(.init_array.*))
 *(.init_array*)
 .init_array    0x000000000800b4c8        0x4 /home/zhonx/.opt/AC6/plugins/fr.ac6.mcu.externaltools.arm-none.linux64_1.17.0.201812190825/tools/compiler/bin/../lib/gcc/arm-none-eabi/7.3.1/thumb/v7e-m/fpv5/hard/crtbegin.o
                0x000000000800b4cc                PROVIDE (__init_array_end = .)

.fini_array     0x000000000800b4cc        0x4
                [!provide]                        PROVIDE (__fini_array_start = .)
 *(SORT_BY_NAME(.fini_array.*))
 *(.fini_array*)
 .fini_array    0x000000000800b4cc        0x4 /home/zhonx/.opt/AC6/plugins/fr.ac6.mcu.externaltools.arm-none.linux64_1.17.0.201812190825/tools/compiler/bin/../lib/gcc/arm-none-eabi/7.3.1/thumb/v7e-m/fpv5/hard/crtbegin.o
                [!provide]                        PROVIDE (__fini_array_end = .)
                0x000000000800b4d0                _sidata = LOADADDR (.data)

.data           0x0000000020000000       0x74 load address 0x000000000800b4d0
                0x0000000020000000                . = ALIGN (0x4)
                0x0000000020000000                _sdata = .
 *(.data)
 .data          0x0000000020000000        0x8 Core/Src/system_stm32h7xx.o
                0x0000000020000000                SystemCoreClock
                0x0000000020000004                SystemD2Clock
 .data          0x0000000020000008        0x8 Drivers/STM32H7xx_HAL_Driver/Src/stm32h7xx_hal.o
 *(.data*)
 .data._impure_ptr
                0x0000000020000010        0x4 /home/zhonx/.opt/AC6/plugins/fr.ac6.mcu.externaltools.arm-none.linux64_1.17.0.201812190825/tools/compiler/bin/../lib/gcc/arm-none-eabi/7.3.1/../../../../arm-none-eabi/lib/thumb/v7e-m/fpv5/hard/libc_nano.a(lib_a-impure.o)
                0x0000000020000010                _impure_ptr
 .data.impure_data
                0x0000000020000014       0x60 /home/zhonx/.opt/AC6/plugins/fr.ac6.mcu.externaltools.arm-none.linux64_1.17.0.201812190825/tools/compiler/bin/../lib/gcc/arm-none-eabi/7.3.1/../../../../arm-none-eabi/lib/thumb/v7e-m/fpv5/hard/libc_nano.a(lib_a-impure.o)
                0x0000000020000074                . = ALIGN (0x4)
                0x0000000020000074                _edata = .

.igot.plt       0x0000000020000074        0x0 load address 0x000000000800b544
 .igot.plt      0x0000000020000074        0x0 /home/zhonx/.opt/AC6/plugins/fr.ac6.mcu.externaltools.arm-none.linux64_1.17.0.201812190825/tools/compiler/bin/../lib/gcc/arm-none-eabi/7.3.1/thumb/v7e-m/fpv5/hard/crtbegin.o
                0x0000000020000074                . = ALIGN (0x4)

.bss            0x0000000020000074      0x2e4 load address 0x000000000800b544
                0x0000000020000074                _sbss = .
                0x0000000020000074                __bss_start__ = _sbss
 *(.bss)
 .bss           0x0000000020000074       0x1c /home/zhonx/.opt/AC6/plugins/fr.ac6.mcu.externaltools.arm-none.linux64_1.17.0.201812190825/tools/compiler/bin/../lib/gcc/arm-none-eabi/7.3.1/thumb/v7e-m/fpv5/hard/crtbegin.o
 .bss           0x0000000020000090        0x8 Core/Src/syscalls.o
                0x0000000020000094                __env
 .bss           0x0000000020000098        0x4 Drivers/STM32H7xx_HAL_Driver/Src/stm32h7xx_hal.o
 *(.bss*)
 .bss.__malloc_free_list
                0x000000002000009c        0x4 /home/zhonx/.opt/AC6/plugins/fr.ac6.mcu.externaltools.arm-none.linux64_1.17.0.201812190825/tools/compiler/bin/../lib/gcc/arm-none-eabi/7.3.1/../../../../arm-none-eabi/lib/thumb/v7e-m/fpv5/hard/libc_nano.a(lib_a-nano-mallocr.o)
                0x000000002000009c                __malloc_free_list
 .bss.__malloc_sbrk_start
                0x00000000200000a0        0x4 /home/zhonx/.opt/AC6/plugins/fr.ac6.mcu.externaltools.arm-none.linux64_1.17.0.201812190825/tools/compiler/bin/../lib/gcc/arm-none-eabi/7.3.1/../../../../arm-none-eabi/lib/thumb/v7e-m/fpv5/hard/libc_nano.a(lib_a-nano-mallocr.o)
                0x00000000200000a0                __malloc_sbrk_start
 *(COMMON)
 COMMON         0x00000000200000a4       0x64 Core/Src/adc.o
                0x00000000200000a4                hadc1
 COMMON         0x0000000020000108      0x100 Core/Src/spi.o
                0x0000000020000108                hspi1
                0x0000000020000190                hdma_spi1_rx
 COMMON         0x0000000020000208       0xc0 Core/Src/tim.o
                0x0000000020000208                htim6
                0x0000000020000248                htim1
                0x0000000020000288                htim2
 COMMON         0x00000000200002c8       0x8c Core/Src/usart.o
                0x00000000200002c8                huart3
 COMMON         0x0000000020000354        0x4 /home/zhonx/.opt/AC6/plugins/fr.ac6.mcu.externaltools.arm-none.linux64_1.17.0.201812190825/tools/compiler/bin/../lib/gcc/arm-none-eabi/7.3.1/../../../../arm-none-eabi/lib/thumb/v7e-m/fpv5/hard/libc_nano.a(lib_a-reent.o)
                0x0000000020000354                errno
                0x0000000020000358                . = ALIGN (0x4)
                0x0000000020000358                _ebss = .
                0x0000000020000358                __bss_end__ = _ebss

._user_heap_stack
                0x0000000020000358      0x600 load address 0x000000000800b544
                0x0000000020000358                . = ALIGN (0x8)
                0x0000000020000358                PROVIDE (end = .)
                [!provide]                        PROVIDE (_end = .)
                0x0000000020000558                . = (. + _Min_Heap_Size)
 *fill*         0x0000000020000358      0x200 
                0x0000000020000958                . = (. + _Min_Stack_Size)
 *fill*         0x0000000020000558      0x400 
                0x0000000020000958                . = ALIGN (0x8)

/DISCARD/
 libc.a(*)
 libm.a(*)
 libgcc.a(*)

.ARM.attributes
                0x0000000000000000       0x2e
 *(.ARM.attributes)
 .ARM.attributes
                0x0000000000000000       0x20 /home/zhonx/.opt/AC6/plugins/fr.ac6.mcu.externaltools.arm-none.linux64_1.17.0.201812190825/tools/compiler/bin/../lib/gcc/arm-none-eabi/7.3.1/thumb/v7e-m/fpv5/hard/crti.o
 .ARM.attributes
                0x0000000000000020       0x32 /home/zhonx/.opt/AC6/plugins/fr.ac6.mcu.externaltools.arm-none.linux64_1.17.0.201812190825/tools/compiler/bin/../lib/gcc/arm-none-eabi/7.3.1/thumb/v7e-m/fpv5/hard/crtbegin.o
 .ARM.attributes
                0x0000000000000052       0x37 Core/Src/adc.o
 .ARM.attributes
                0x0000000000000089       0x37 Core/Src/dma.o
 .ARM.attributes
                0x00000000000000c0       0x37 Core/Src/gpio.o
 .ARM.attributes
                0x00000000000000f7       0x37 Core/Src/main.o
 .ARM.attributes
                0x000000000000012e       0x37 Core/Src/spi.o
 .ARM.attributes
                0x0000000000000165       0x37 Core/Src/stm32h7xx_hal_msp.o
 .ARM.attributes
                0x000000000000019c       0x37 Core/Src/stm32h7xx_it.o
 .ARM.attributes
                0x00000000000001d3       0x37 Core/Src/syscalls.o
 .ARM.attributes
                0x000000000000020a       0x37 Core/Src/system_stm32h7xx.o
 .ARM.attributes
                0x0000000000000241       0x37 Core/Src/tim.o
 .ARM.attributes
                0x0000000000000278       0x37 Core/Src/usart.o
 .ARM.attributes
                0x00000000000002af       0x37 Drivers/STM32H7xx_HAL_Driver/Src/stm32h7xx_hal.o
 .ARM.attributes
                0x00000000000002e6       0x37 Drivers/STM32H7xx_HAL_Driver/Src/stm32h7xx_hal_adc.o
 .ARM.attributes
                0x000000000000031d       0x37 Drivers/STM32H7xx_HAL_Driver/Src/stm32h7xx_hal_adc_ex.o
 .ARM.attributes
                0x0000000000000354       0x37 Drivers/STM32H7xx_HAL_Driver/Src/stm32h7xx_hal_cortex.o
 .ARM.attributes
                0x000000000000038b       0x37 Drivers/STM32H7xx_HAL_Driver/Src/stm32h7xx_hal_dma.o
 .ARM.attributes
                0x00000000000003c2       0x37 Drivers/STM32H7xx_HAL_Driver/Src/stm32h7xx_hal_gpio.o
 .ARM.attributes
                0x00000000000003f9       0x37 Drivers/STM32H7xx_HAL_Driver/Src/stm32h7xx_hal_pwr_ex.o
 .ARM.attributes
                0x0000000000000430       0x37 Drivers/STM32H7xx_HAL_Driver/Src/stm32h7xx_hal_rcc.o
 .ARM.attributes
                0x0000000000000467       0x37 Drivers/STM32H7xx_HAL_Driver/Src/stm32h7xx_hal_rcc_ex.o
 .ARM.attributes
                0x000000000000049e       0x37 Drivers/STM32H7xx_HAL_Driver/Src/stm32h7xx_hal_spi.o
 .ARM.attributes
                0x00000000000004d5       0x37 Drivers/STM32H7xx_HAL_Driver/Src/stm32h7xx_hal_tim.o
 .ARM.attributes
                0x000000000000050c       0x37 Drivers/STM32H7xx_HAL_Driver/Src/stm32h7xx_hal_tim_ex.o
 .ARM.attributes
                0x0000000000000543       0x37 Drivers/STM32H7xx_HAL_Driver/Src/stm32h7xx_hal_uart.o
 .ARM.attributes
                0x000000000000057a       0x37 Drivers/STM32H7xx_HAL_Driver/Src/stm32h7xx_hal_uart_ex.o
 .ARM.attributes
                0x00000000000005b1       0x21 startup/startup_stm32h743xx.o
 .ARM.attributes
                0x00000000000005d2       0x20 /home/zhonx/.opt/AC6/plugins/fr.ac6.mcu.externaltools.arm-none.linux64_1.17.0.201812190825/tools/compiler/bin/../lib/gcc/arm-none-eabi/7.3.1/thumb/v7e-m/fpv5/hard/libgcc.a(_aeabi_uldivmod.o)
 .ARM.attributes
                0x00000000000005f2       0x32 /home/zhonx/.opt/AC6/plugins/fr.ac6.mcu.externaltools.arm-none.linux64_1.17.0.201812190825/tools/compiler/bin/../lib/gcc/arm-none-eabi/7.3.1/thumb/v7e-m/fpv5/hard/libgcc.a(_udivmoddi4.o)
 .ARM.attributes
                0x0000000000000624       0x20 /home/zhonx/.opt/AC6/plugins/fr.ac6.mcu.externaltools.arm-none.linux64_1.17.0.201812190825/tools/compiler/bin/../lib/gcc/arm-none-eabi/7.3.1/thumb/v7e-m/fpv5/hard/libgcc.a(_dvmd_tls.o)
 .ARM.attributes
                0x0000000000000644       0x32 /home/zhonx/.opt/AC6/plugins/fr.ac6.mcu.externaltools.arm-none.linux64_1.17.0.201812190825/tools/compiler/bin/../lib/gcc/arm-none-eabi/7.3.1/../../../../arm-none-eabi/lib/thumb/v7e-m/fpv5/hard/libc_nano.a(lib_a-errno.o)
 .ARM.attributes
                0x0000000000000676       0x32 /home/zhonx/.opt/AC6/plugins/fr.ac6.mcu.externaltools.arm-none.linux64_1.17.0.201812190825/tools/compiler/bin/../lib/gcc/arm-none-eabi/7.3.1/../../../../arm-none-eabi/lib/thumb/v7e-m/fpv5/hard/libc_nano.a(lib_a-impure.o)
 .ARM.attributes
                0x00000000000006a8       0x32 /home/zhonx/.opt/AC6/plugins/fr.ac6.mcu.externaltools.arm-none.linux64_1.17.0.201812190825/tools/compiler/bin/../lib/gcc/arm-none-eabi/7.3.1/../../../../arm-none-eabi/lib/thumb/v7e-m/fpv5/hard/libc_nano.a(lib_a-init.o)
 .ARM.attributes
                0x00000000000006da       0x32 /home/zhonx/.opt/AC6/plugins/fr.ac6.mcu.externaltools.arm-none.linux64_1.17.0.201812190825/tools/compiler/bin/../lib/gcc/arm-none-eabi/7.3.1/../../../../arm-none-eabi/lib/thumb/v7e-m/fpv5/hard/libc_nano.a(lib_a-memset.o)
 .ARM.attributes
                0x000000000000070c       0x32 /home/zhonx/.opt/AC6/plugins/fr.ac6.mcu.externaltools.arm-none.linux64_1.17.0.201812190825/tools/compiler/bin/../lib/gcc/arm-none-eabi/7.3.1/../../../../arm-none-eabi/lib/thumb/v7e-m/fpv5/hard/libc_nano.a(lib_a-printf.o)
 .ARM.attributes
                0x000000000000073e       0x32 /home/zhonx/.opt/AC6/plugins/fr.ac6.mcu.externaltools.arm-none.linux64_1.17.0.201812190825/tools/compiler/bin/../lib/gcc/arm-none-eabi/7.3.1/../../../../arm-none-eabi/lib/thumb/v7e-m/fpv5/hard/libc_nano.a(lib_a-findfp.o)
 .ARM.attributes
                0x0000000000000770       0x32 /home/zhonx/.opt/AC6/plugins/fr.ac6.mcu.externaltools.arm-none.linux64_1.17.0.201812190825/tools/compiler/bin/../lib/gcc/arm-none-eabi/7.3.1/../../../../arm-none-eabi/lib/thumb/v7e-m/fpv5/hard/libc_nano.a(lib_a-fwalk.o)
 .ARM.attributes
                0x00000000000007a2       0x32 /home/zhonx/.opt/AC6/plugins/fr.ac6.mcu.externaltools.arm-none.linux64_1.17.0.201812190825/tools/compiler/bin/../lib/gcc/arm-none-eabi/7.3.1/../../../../arm-none-eabi/lib/thumb/v7e-m/fpv5/hard/libc_nano.a(lib_a-nano-mallocr.o)
 .ARM.attributes
                0x00000000000007d4       0x32 /home/zhonx/.opt/AC6/plugins/fr.ac6.mcu.externaltools.arm-none.linux64_1.17.0.201812190825/tools/compiler/bin/../lib/gcc/arm-none-eabi/7.3.1/../../../../arm-none-eabi/lib/thumb/v7e-m/fpv5/hard/libc_nano.a(lib_a-nano-vfprintf.o)
 .ARM.attributes
                0x0000000000000806       0x32 /home/zhonx/.opt/AC6/plugins/fr.ac6.mcu.externaltools.arm-none.linux64_1.17.0.201812190825/tools/compiler/bin/../lib/gcc/arm-none-eabi/7.3.1/../../../../arm-none-eabi/lib/thumb/v7e-m/fpv5/hard/libc_nano.a(lib_a-nano-vfprintf_i.o)
 .ARM.attributes
                0x0000000000000838       0x32 /home/zhonx/.opt/AC6/plugins/fr.ac6.mcu.externaltools.arm-none.linux64_1.17.0.201812190825/tools/compiler/bin/../lib/gcc/arm-none-eabi/7.3.1/../../../../arm-none-eabi/lib/thumb/v7e-m/fpv5/hard/libc_nano.a(lib_a-sbrkr.o)
 .ARM.attributes
                0x000000000000086a       0x32 /home/zhonx/.opt/AC6/plugins/fr.ac6.mcu.externaltools.arm-none.linux64_1.17.0.201812190825/tools/compiler/bin/../lib/gcc/arm-none-eabi/7.3.1/../../../../arm-none-eabi/lib/thumb/v7e-m/fpv5/hard/libc_nano.a(lib_a-stdio.o)
 .ARM.attributes
                0x000000000000089c       0x32 /home/zhonx/.opt/AC6/plugins/fr.ac6.mcu.externaltools.arm-none.linux64_1.17.0.201812190825/tools/compiler/bin/../lib/gcc/arm-none-eabi/7.3.1/../../../../arm-none-eabi/lib/thumb/v7e-m/fpv5/hard/libc_nano.a(lib_a-wbuf.o)
 .ARM.attributes
                0x00000000000008ce       0x32 /home/zhonx/.opt/AC6/plugins/fr.ac6.mcu.externaltools.arm-none.linux64_1.17.0.201812190825/tools/compiler/bin/../lib/gcc/arm-none-eabi/7.3.1/../../../../arm-none-eabi/lib/thumb/v7e-m/fpv5/hard/libc_nano.a(lib_a-writer.o)
 .ARM.attributes
                0x0000000000000900       0x32 /home/zhonx/.opt/AC6/plugins/fr.ac6.mcu.externaltools.arm-none.linux64_1.17.0.201812190825/tools/compiler/bin/../lib/gcc/arm-none-eabi/7.3.1/../../../../arm-none-eabi/lib/thumb/v7e-m/fpv5/hard/libc_nano.a(lib_a-wsetup.o)
 .ARM.attributes
                0x0000000000000932       0x32 /home/zhonx/.opt/AC6/plugins/fr.ac6.mcu.externaltools.arm-none.linux64_1.17.0.201812190825/tools/compiler/bin/../lib/gcc/arm-none-eabi/7.3.1/../../../../arm-none-eabi/lib/thumb/v7e-m/fpv5/hard/libc_nano.a(lib_a-closer.o)
 .ARM.attributes
                0x0000000000000964       0x32 /home/zhonx/.opt/AC6/plugins/fr.ac6.mcu.externaltools.arm-none.linux64_1.17.0.201812190825/tools/compiler/bin/../lib/gcc/arm-none-eabi/7.3.1/../../../../arm-none-eabi/lib/thumb/v7e-m/fpv5/hard/libc_nano.a(lib_a-fflush.o)
 .ARM.attributes
                0x0000000000000996       0x32 /home/zhonx/.opt/AC6/plugins/fr.ac6.mcu.externaltools.arm-none.linux64_1.17.0.201812190825/tools/compiler/bin/../lib/gcc/arm-none-eabi/7.3.1/../../../../arm-none-eabi/lib/thumb/v7e-m/fpv5/hard/libc_nano.a(lib_a-lseekr.o)
 .ARM.attributes
                0x00000000000009c8       0x32 /home/zhonx/.opt/AC6/plugins/fr.ac6.mcu.externaltools.arm-none.linux64_1.17.0.201812190825/tools/compiler/bin/../lib/gcc/arm-none-eabi/7.3.1/../../../../arm-none-eabi/lib/thumb/v7e-m/fpv5/hard/libc_nano.a(lib_a-makebuf.o)
 .ARM.attributes
                0x00000000000009fa       0x1e /home/zhonx/.opt/AC6/plugins/fr.ac6.mcu.externaltools.arm-none.linux64_1.17.0.201812190825/tools/compiler/bin/../lib/gcc/arm-none-eabi/7.3.1/../../../../arm-none-eabi/lib/thumb/v7e-m/fpv5/hard/libc_nano.a(lib_a-memchr.o)
 .ARM.attributes
                0x0000000000000a18       0x32 /home/zhonx/.opt/AC6/plugins/fr.ac6.mcu.externaltools.arm-none.linux64_1.17.0.201812190825/tools/compiler/bin/../lib/gcc/arm-none-eabi/7.3.1/../../../../arm-none-eabi/lib/thumb/v7e-m/fpv5/hard/libc_nano.a(lib_a-mlock.o)
 .ARM.attributes
                0x0000000000000a4a       0x32 /home/zhonx/.opt/AC6/plugins/fr.ac6.mcu.externaltools.arm-none.linux64_1.17.0.201812190825/tools/compiler/bin/../lib/gcc/arm-none-eabi/7.3.1/../../../../arm-none-eabi/lib/thumb/v7e-m/fpv5/hard/libc_nano.a(lib_a-nano-freer.o)
 .ARM.attributes
                0x0000000000000a7c       0x32 /home/zhonx/.opt/AC6/plugins/fr.ac6.mcu.externaltools.arm-none.linux64_1.17.0.201812190825/tools/compiler/bin/../lib/gcc/arm-none-eabi/7.3.1/../../../../arm-none-eabi/lib/thumb/v7e-m/fpv5/hard/libc_nano.a(lib_a-readr.o)
 .ARM.attributes
                0x0000000000000aae       0x32 /home/zhonx/.opt/AC6/plugins/fr.ac6.mcu.externaltools.arm-none.linux64_1.17.0.201812190825/tools/compiler/bin/../lib/gcc/arm-none-eabi/7.3.1/../../../../arm-none-eabi/lib/thumb/v7e-m/fpv5/hard/libc_nano.a(lib_a-reent.o)
 .ARM.attributes
                0x0000000000000ae0       0x32 /home/zhonx/.opt/AC6/plugins/fr.ac6.mcu.externaltools.arm-none.linux64_1.17.0.201812190825/tools/compiler/bin/../lib/gcc/arm-none-eabi/7.3.1/../../../../arm-none-eabi/lib/thumb/v7e-m/fpv5/hard/libc_nano.a(lib_a-fstatr.o)
 .ARM.attributes
                0x0000000000000b12       0x32 /home/zhonx/.opt/AC6/plugins/fr.ac6.mcu.externaltools.arm-none.linux64_1.17.0.201812190825/tools/compiler/bin/../lib/gcc/arm-none-eabi/7.3.1/../../../../arm-none-eabi/lib/thumb/v7e-m/fpv5/hard/libc_nano.a(lib_a-isattyr.o)
 .ARM.attributes
                0x0000000000000b44       0x20 /home/zhonx/.opt/AC6/plugins/fr.ac6.mcu.externaltools.arm-none.linux64_1.17.0.201812190825/tools/compiler/bin/../lib/gcc/arm-none-eabi/7.3.1/thumb/v7e-m/fpv5/hard/crtn.o
OUTPUT(ICM-20602.elf elf32-littlearm)

.debug_info     0x0000000000000000    0x328b7
 .debug_info    0x0000000000000000     0x18a8 Core/Src/adc.o
 .debug_info    0x00000000000018a8     0x11e0 Core/Src/dma.o
 .debug_info    0x0000000000002a88     0x1611 Core/Src/gpio.o
 .debug_info    0x0000000000004099     0x2b8b Core/Src/main.o
 .debug_info    0x0000000000006c24     0x1b2d Core/Src/spi.o
 .debug_info    0x0000000000008751      0xe0e Core/Src/stm32h7xx_hal_msp.o
 .debug_info    0x000000000000955f     0x1568 Core/Src/stm32h7xx_it.o
 .debug_info    0x000000000000aac7      0xfd3 Core/Src/syscalls.o
 .debug_info    0x000000000000ba9a     0x12e5 Core/Src/system_stm32h7xx.o
 .debug_info    0x000000000000cd7f     0x20d9 Core/Src/tim.o
 .debug_info    0x000000000000ee58     0x1708 Core/Src/usart.o
 .debug_info    0x0000000000010560     0x20a8 Drivers/STM32H7xx_HAL_Driver/Src/stm32h7xx_hal.o
 .debug_info    0x0000000000012608     0x3a2d Drivers/STM32H7xx_HAL_Driver/Src/stm32h7xx_hal_adc.o
 .debug_info    0x0000000000016035     0x3914 Drivers/STM32H7xx_HAL_Driver/Src/stm32h7xx_hal_adc_ex.o
 .debug_info    0x0000000000019949     0x1e24 Drivers/STM32H7xx_HAL_Driver/Src/stm32h7xx_hal_cortex.o
 .debug_info    0x000000000001b76d     0x18f0 Drivers/STM32H7xx_HAL_Driver/Src/stm32h7xx_hal_dma.o
 .debug_info    0x000000000001d05d     0x17cd Drivers/STM32H7xx_HAL_Driver/Src/stm32h7xx_hal_gpio.o
 .debug_info    0x000000000001e82a     0x1a1f Drivers/STM32H7xx_HAL_Driver/Src/stm32h7xx_hal_pwr_ex.o
 .debug_info    0x0000000000020249     0x1e13 Drivers/STM32H7xx_HAL_Driver/Src/stm32h7xx_hal_rcc.o
 .debug_info    0x000000000002205c     0x22cb Drivers/STM32H7xx_HAL_Driver/Src/stm32h7xx_hal_rcc_ex.o
 .debug_info    0x0000000000024327     0x2481 Drivers/STM32H7xx_HAL_Driver/Src/stm32h7xx_hal_spi.o
 .debug_info    0x00000000000267a8     0x53fa Drivers/STM32H7xx_HAL_Driver/Src/stm32h7xx_hal_tim.o
 .debug_info    0x000000000002bba2     0x27de Drivers/STM32H7xx_HAL_Driver/Src/stm32h7xx_hal_tim_ex.o
 .debug_info    0x000000000002e380     0x2dff Drivers/STM32H7xx_HAL_Driver/Src/stm32h7xx_hal_uart.o
 .debug_info    0x000000000003117f     0x1716 Drivers/STM32H7xx_HAL_Driver/Src/stm32h7xx_hal_uart_ex.o
 .debug_info    0x0000000000032895       0x22 startup/startup_stm32h743xx.o

.debug_abbrev   0x0000000000000000     0x4959
 .debug_abbrev  0x0000000000000000      0x28c Core/Src/adc.o
 .debug_abbrev  0x000000000000028c      0x254 Core/Src/dma.o
 .debug_abbrev  0x00000000000004e0      0x254 Core/Src/gpio.o
 .debug_abbrev  0x0000000000000734      0x315 Core/Src/main.o
 .debug_abbrev  0x0000000000000a49      0x29d Core/Src/spi.o
 .debug_abbrev  0x0000000000000ce6      0x21b Core/Src/stm32h7xx_hal_msp.o
 .debug_abbrev  0x0000000000000f01      0x26e Core/Src/stm32h7xx_it.o
 .debug_abbrev  0x000000000000116f      0x2d4 Core/Src/syscalls.o
 .debug_abbrev  0x0000000000001443      0x248 Core/Src/system_stm32h7xx.o
 .debug_abbrev  0x000000000000168b      0x2d9 Core/Src/tim.o
 .debug_abbrev  0x0000000000001964      0x2b7 Core/Src/usart.o
 .debug_abbrev  0x0000000000001c1b      0x312 Drivers/STM32H7xx_HAL_Driver/Src/stm32h7xx_hal.o
 .debug_abbrev  0x0000000000001f2d      0x353 Drivers/STM32H7xx_HAL_Driver/Src/stm32h7xx_hal_adc.o
 .debug_abbrev  0x0000000000002280      0x3a2 Drivers/STM32H7xx_HAL_Driver/Src/stm32h7xx_hal_adc_ex.o
 .debug_abbrev  0x0000000000002622      0x413 Drivers/STM32H7xx_HAL_Driver/Src/stm32h7xx_hal_cortex.o
 .debug_abbrev  0x0000000000002a35      0x326 Drivers/STM32H7xx_HAL_Driver/Src/stm32h7xx_hal_dma.o
 .debug_abbrev  0x0000000000002d5b      0x32b Drivers/STM32H7xx_HAL_Driver/Src/stm32h7xx_hal_gpio.o
 .debug_abbrev  0x0000000000003086      0x387 Drivers/STM32H7xx_HAL_Driver/Src/stm32h7xx_hal_pwr_ex.o
 .debug_abbrev  0x000000000000340d      0x303 Drivers/STM32H7xx_HAL_Driver/Src/stm32h7xx_hal_rcc.o
 .debug_abbrev  0x0000000000003710      0x327 Drivers/STM32H7xx_HAL_Driver/Src/stm32h7xx_hal_rcc_ex.o
 .debug_abbrev  0x0000000000003a37      0x31f Drivers/STM32H7xx_HAL_Driver/Src/stm32h7xx_hal_spi.o
 .debug_abbrev  0x0000000000003d56      0x2eb Drivers/STM32H7xx_HAL_Driver/Src/stm32h7xx_hal_tim.o
 .debug_abbrev  0x0000000000004041      0x2fc Drivers/STM32H7xx_HAL_Driver/Src/stm32h7xx_hal_tim_ex.o
 .debug_abbrev  0x000000000000433d      0x31f Drivers/STM32H7xx_HAL_Driver/Src/stm32h7xx_hal_uart.o
 .debug_abbrev  0x000000000000465c      0x2eb Drivers/STM32H7xx_HAL_Driver/Src/stm32h7xx_hal_uart_ex.o
 .debug_abbrev  0x0000000000004947       0x12 startup/startup_stm32h743xx.o

.debug_loc      0x0000000000000000     0xee60
 .debug_loc     0x0000000000000000       0x74 Core/Src/adc.o
 .debug_loc     0x0000000000000074       0x63 Core/Src/spi.o
 .debug_loc     0x00000000000000d7      0x3af Core/Src/syscalls.o
 .debug_loc     0x0000000000000486      0x10c Core/Src/system_stm32h7xx.o
 .debug_loc     0x0000000000000592      0x13b Core/Src/tim.o
 .debug_loc     0x00000000000006cd       0x93 Core/Src/usart.o
 .debug_loc     0x0000000000000760      0x5b0 Drivers/STM32H7xx_HAL_Driver/Src/stm32h7xx_hal.o
 .debug_loc     0x0000000000000d10     0x1b91 Drivers/STM32H7xx_HAL_Driver/Src/stm32h7xx_hal_adc.o
 .debug_loc     0x00000000000028a1     0x1d91 Drivers/STM32H7xx_HAL_Driver/Src/stm32h7xx_hal_adc_ex.o
 .debug_loc     0x0000000000004632      0x752 Drivers/STM32H7xx_HAL_Driver/Src/stm32h7xx_hal_cortex.o
 .debug_loc     0x0000000000004d84      0xc0d Drivers/STM32H7xx_HAL_Driver/Src/stm32h7xx_hal_dma.o
 .debug_loc     0x0000000000005991      0x4d5 Drivers/STM32H7xx_HAL_Driver/Src/stm32h7xx_hal_gpio.o
 .debug_loc     0x0000000000005e66      0x3d6 Drivers/STM32H7xx_HAL_Driver/Src/stm32h7xx_hal_pwr_ex.o
 .debug_loc     0x000000000000623c      0x5f6 Drivers/STM32H7xx_HAL_Driver/Src/stm32h7xx_hal_rcc.o
 .debug_loc     0x0000000000006832     0x13fa Drivers/STM32H7xx_HAL_Driver/Src/stm32h7xx_hal_rcc_ex.o
 .debug_loc     0x0000000000007c2c     0x1336 Drivers/STM32H7xx_HAL_Driver/Src/stm32h7xx_hal_spi.o
 .debug_loc     0x0000000000008f62     0x2b00 Drivers/STM32H7xx_HAL_Driver/Src/stm32h7xx_hal_tim.o
 .debug_loc     0x000000000000ba62     0x12cc Drivers/STM32H7xx_HAL_Driver/Src/stm32h7xx_hal_tim_ex.o
 .debug_loc     0x000000000000cd2e     0x1cd4 Drivers/STM32H7xx_HAL_Driver/Src/stm32h7xx_hal_uart.o
 .debug_loc     0x000000000000ea02      0x45e Drivers/STM32H7xx_HAL_Driver/Src/stm32h7xx_hal_uart_ex.o

.debug_aranges  0x0000000000000000     0x14a0
 .debug_aranges
                0x0000000000000000       0x30 Core/Src/adc.o
 .debug_aranges
                0x0000000000000030       0x20 Core/Src/dma.o
 .debug_aranges
                0x0000000000000050       0x20 Core/Src/gpio.o
 .debug_aranges
                0x0000000000000070       0x38 Core/Src/main.o
 .debug_aranges
                0x00000000000000a8       0x30 Core/Src/spi.o
 .debug_aranges
                0x00000000000000d8       0x20 Core/Src/stm32h7xx_hal_msp.o
 .debug_aranges
                0x00000000000000f8       0x98 Core/Src/stm32h7xx_it.o
 .debug_aranges
                0x0000000000000190       0xb0 Core/Src/syscalls.o
 .debug_aranges
                0x0000000000000240       0x28 Core/Src/system_stm32h7xx.o
 .debug_aranges
                0x0000000000000268       0x58 Core/Src/tim.o
 .debug_aranges
                0x00000000000002c0       0x38 Core/Src/usart.o
 .debug_aranges
                0x00000000000002f8      0x1a0 Drivers/STM32H7xx_HAL_Driver/Src/stm32h7xx_hal.o
 .debug_aranges
                0x0000000000000498      0x100 Drivers/STM32H7xx_HAL_Driver/Src/stm32h7xx_hal_adc.o
 .debug_aranges
                0x0000000000000598      0x100 Drivers/STM32H7xx_HAL_Driver/Src/stm32h7xx_hal_adc_ex.o
 .debug_aranges
                0x0000000000000698       0xb0 Drivers/STM32H7xx_HAL_Driver/Src/stm32h7xx_hal_cortex.o
 .debug_aranges
                0x0000000000000748       0xa0 Drivers/STM32H7xx_HAL_Driver/Src/stm32h7xx_hal_dma.o
 .debug_aranges
                0x00000000000007e8       0x58 Drivers/STM32H7xx_HAL_Driver/Src/stm32h7xx_hal_gpio.o
 .debug_aranges
                0x0000000000000840      0x158 Drivers/STM32H7xx_HAL_Driver/Src/stm32h7xx_hal_pwr_ex.o
 .debug_aranges
                0x0000000000000998       0x88 Drivers/STM32H7xx_HAL_Driver/Src/stm32h7xx_hal_rcc.o
 .debug_aranges
                0x0000000000000a20       0xe0 Drivers/STM32H7xx_HAL_Driver/Src/stm32h7xx_hal_rcc_ex.o
 .debug_aranges
                0x0000000000000b00      0x1a0 Drivers/STM32H7xx_HAL_Driver/Src/stm32h7xx_hal_spi.o
 .debug_aranges
                0x0000000000000ca0      0x3c8 Drivers/STM32H7xx_HAL_Driver/Src/stm32h7xx_hal_tim.o
 .debug_aranges
                0x0000000000001068      0x170 Drivers/STM32H7xx_HAL_Driver/Src/stm32h7xx_hal_tim_ex.o
 .debug_aranges
                0x00000000000011d8      0x218 Drivers/STM32H7xx_HAL_Driver/Src/stm32h7xx_hal_uart.o
 .debug_aranges
                0x00000000000013f0       0x88 Drivers/STM32H7xx_HAL_Driver/Src/stm32h7xx_hal_uart_ex.o
 .debug_aranges
                0x0000000000001478       0x28 startup/startup_stm32h743xx.o

.debug_ranges   0x0000000000000000     0x1958
 .debug_ranges  0x0000000000000000       0x20 Core/Src/adc.o
 .debug_ranges  0x0000000000000020       0x10 Core/Src/dma.o
 .debug_ranges  0x0000000000000030       0x10 Core/Src/gpio.o
 .debug_ranges  0x0000000000000040       0x28 Core/Src/main.o
 .debug_ranges  0x0000000000000068       0x20 Core/Src/spi.o
 .debug_ranges  0x0000000000000088       0x10 Core/Src/stm32h7xx_hal_msp.o
 .debug_ranges  0x0000000000000098       0x88 Core/Src/stm32h7xx_it.o
 .debug_ranges  0x0000000000000120       0xa0 Core/Src/syscalls.o
 .debug_ranges  0x00000000000001c0       0x18 Core/Src/system_stm32h7xx.o
 .debug_ranges  0x00000000000001d8       0x48 Core/Src/tim.o
 .debug_ranges  0x0000000000000220       0x28 Core/Src/usart.o
 .debug_ranges  0x0000000000000248      0x190 Drivers/STM32H7xx_HAL_Driver/Src/stm32h7xx_hal.o
 .debug_ranges  0x00000000000003d8      0x398 Drivers/STM32H7xx_HAL_Driver/Src/stm32h7xx_hal_adc.o
 .debug_ranges  0x0000000000000770      0x378 Drivers/STM32H7xx_HAL_Driver/Src/stm32h7xx_hal_adc_ex.o
 .debug_ranges  0x0000000000000ae8      0x130 Drivers/STM32H7xx_HAL_Driver/Src/stm32h7xx_hal_cortex.o
 .debug_ranges  0x0000000000000c18       0xa8 Drivers/STM32H7xx_HAL_Driver/Src/stm32h7xx_hal_dma.o
 .debug_ranges  0x0000000000000cc0       0x48 Drivers/STM32H7xx_HAL_Driver/Src/stm32h7xx_hal_gpio.o
 .debug_ranges  0x0000000000000d08      0x148 Drivers/STM32H7xx_HAL_Driver/Src/stm32h7xx_hal_pwr_ex.o
 .debug_ranges  0x0000000000000e50       0xf0 Drivers/STM32H7xx_HAL_Driver/Src/stm32h7xx_hal_rcc.o
 .debug_ranges  0x0000000000000f40       0xd0 Drivers/STM32H7xx_HAL_Driver/Src/stm32h7xx_hal_rcc_ex.o
 .debug_ranges  0x0000000000001010      0x190 Drivers/STM32H7xx_HAL_Driver/Src/stm32h7xx_hal_spi.o
 .debug_ranges  0x00000000000011a0      0x3b8 Drivers/STM32H7xx_HAL_Driver/Src/stm32h7xx_hal_tim.o
 .debug_ranges  0x0000000000001558      0x160 Drivers/STM32H7xx_HAL_Driver/Src/stm32h7xx_hal_tim_ex.o
 .debug_ranges  0x00000000000016b8      0x208 Drivers/STM32H7xx_HAL_Driver/Src/stm32h7xx_hal_uart.o
 .debug_ranges  0x00000000000018c0       0x78 Drivers/STM32H7xx_HAL_Driver/Src/stm32h7xx_hal_uart_ex.o
 .debug_ranges  0x0000000000001938       0x20 startup/startup_stm32h743xx.o

.debug_macro    0x0000000000000000    0x39da8
 .debug_macro   0x0000000000000000      0x2ce Core/Src/adc.o
 .debug_macro   0x00000000000002ce      0xa6c Core/Src/adc.o
 .debug_macro   0x0000000000000d3a      0x1e2 Core/Src/adc.o
 .debug_macro   0x0000000000000f1c       0x2e Core/Src/adc.o
 .debug_macro   0x0000000000000f4a       0x3b Core/Src/adc.o
 .debug_macro   0x0000000000000f85       0x22 Core/Src/adc.o
 .debug_macro   0x0000000000000fa7       0x8e Core/Src/adc.o
 .debug_macro   0x0000000000001035       0x51 Core/Src/adc.o
 .debug_macro   0x0000000000001086       0xef Core/Src/adc.o
 .debug_macro   0x0000000000001175       0x6a Core/Src/adc.o
 .debug_macro   0x00000000000011df      0x1df Core/Src/adc.o
 .debug_macro   0x00000000000013be       0x22 Core/Src/adc.o
 .debug_macro   0x00000000000013e0       0xaf Core/Src/adc.o
 .debug_macro   0x000000000000148f     0x128e Core/Src/adc.o
 .debug_macro   0x000000000000271d    0x250d0 Core/Src/adc.o
 .debug_macro   0x00000000000277ed       0x43 Core/Src/adc.o
 .debug_macro   0x0000000000027830     0x38c7 Core/Src/adc.o
 .debug_macro   0x000000000002b0f7      0x174 Core/Src/adc.o
 .debug_macro   0x000000000002b26b       0x5e Core/Src/adc.o
 .debug_macro   0x000000000002b2c9       0x17 Core/Src/adc.o
 .debug_macro   0x000000000002b2e0       0x35 Core/Src/adc.o
 .debug_macro   0x000000000002b315       0x34 Core/Src/adc.o
 .debug_macro   0x000000000002b349       0x58 Core/Src/adc.o
 .debug_macro   0x000000000002b3a1       0x1f Core/Src/adc.o
 .debug_macro   0x000000000002b3c0       0x43 Core/Src/adc.o
 .debug_macro   0x000000000002b403       0x20 Core/Src/adc.o
 .debug_macro   0x000000000002b423      0x18e Core/Src/adc.o
 .debug_macro   0x000000000002b5b1      0x330 Core/Src/adc.o
 .debug_macro   0x000000000002b8e1      0x1e1 Core/Src/adc.o
 .debug_macro   0x000000000002bac2       0x4e Core/Src/adc.o
 .debug_macro   0x000000000002bb10     0x23dd Core/Src/adc.o
 .debug_macro   0x000000000002deed      0xf3e Core/Src/adc.o
 .debug_macro   0x000000000002ee2b      0x146 Core/Src/adc.o
 .debug_macro   0x000000000002ef71      0x117 Core/Src/adc.o
 .debug_macro   0x000000000002f088      0x362 Core/Src/adc.o
 .debug_macro   0x000000000002f3ea       0x27 Core/Src/adc.o
 .debug_macro   0x000000000002f411      0x72d Core/Src/adc.o
 .debug_macro   0x000000000002fb3e      0x229 Core/Src/adc.o
 .debug_macro   0x000000000002fd67       0x66 Core/Src/adc.o
 .debug_macro   0x000000000002fdcd      0x39f Core/Src/adc.o
 .debug_macro   0x000000000003016c      0x275 Core/Src/adc.o
 .debug_macro   0x00000000000303e1      0xfe9 Core/Src/adc.o
 .debug_macro   0x00000000000313ca      0x6fd Core/Src/adc.o
 .debug_macro   0x0000000000031ac7      0x36e Core/Src/adc.o
 .debug_macro   0x0000000000031e35      0x3c6 Core/Src/adc.o
 .debug_macro   0x00000000000321fb      0x41d Core/Src/adc.o
 .debug_macro   0x0000000000032618       0x51 Core/Src/adc.o
 .debug_macro   0x0000000000032669       0x4a Core/Src/adc.o
 .debug_macro   0x00000000000326b3      0x22c Core/Src/adc.o
 .debug_macro   0x00000000000328df       0x58 Core/Src/adc.o
 .debug_macro   0x0000000000032937       0xa5 Core/Src/adc.o
 .debug_macro   0x00000000000329dc      0x165 Core/Src/adc.o
 .debug_macro   0x0000000000032b41      0x246 Core/Src/adc.o
 .debug_macro   0x0000000000032d87       0x35 Core/Src/adc.o
 .debug_macro   0x0000000000032dbc      0x5dd Core/Src/adc.o
 .debug_macro   0x0000000000033399       0x9e Core/Src/adc.o
 .debug_macro   0x0000000000033437      0xa3d Core/Src/adc.o
 .debug_macro   0x0000000000033e74      0x216 Core/Src/adc.o
 .debug_macro   0x000000000003408a      0x63f Core/Src/adc.o
 .debug_macro   0x00000000000346c9       0xa6 Core/Src/adc.o
 .debug_macro   0x000000000003476f      0x57c Core/Src/adc.o
 .debug_macro   0x0000000000034ceb      0x112 Core/Src/adc.o
 .debug_macro   0x0000000000034dfd      0x2ce Core/Src/dma.o
 .debug_macro   0x00000000000350cb      0x2ce Core/Src/gpio.o
 .debug_macro   0x0000000000035399      0x3c9 Core/Src/main.o
 .debug_macro   0x0000000000035762       0x1c Core/Src/main.o
 .debug_macro   0x000000000003577e       0x35 Core/Src/main.o
 .debug_macro   0x00000000000357b3       0x10 Core/Src/main.o
 .debug_macro   0x00000000000357c3       0x10 Core/Src/main.o
 .debug_macro   0x00000000000357d3       0x1c Core/Src/main.o
 .debug_macro   0x00000000000357ef       0x52 Core/Src/main.o
 .debug_macro   0x0000000000035841       0x40 Core/Src/main.o
 .debug_macro   0x0000000000035881       0x10 Core/Src/main.o
 .debug_macro   0x0000000000035891       0x40 Core/Src/main.o
 .debug_macro   0x00000000000358d1       0xd7 Core/Src/main.o
 .debug_macro   0x00000000000359a8       0x1c Core/Src/main.o
 .debug_macro   0x00000000000359c4       0x3d Core/Src/main.o
 .debug_macro   0x0000000000035a01       0x16 Core/Src/main.o
 .debug_macro   0x0000000000035a17      0x16f Core/Src/main.o
 .debug_macro   0x0000000000035b86      0x2ce Core/Src/spi.o
 .debug_macro   0x0000000000035e54      0x2c4 Core/Src/stm32h7xx_hal_msp.o
 .debug_macro   0x0000000000036118      0x2ce Core/Src/stm32h7xx_it.o
 .debug_macro   0x00000000000363e6      0x243 Core/Src/syscalls.o
 .debug_macro   0x0000000000036629       0x58 Core/Src/syscalls.o
 .debug_macro   0x0000000000036681       0x94 Core/Src/syscalls.o
 .debug_macro   0x0000000000036715       0x57 Core/Src/syscalls.o
 .debug_macro   0x000000000003676c       0x10 Core/Src/syscalls.o
 .debug_macro   0x000000000003677c       0x10 Core/Src/syscalls.o
 .debug_macro   0x000000000003678c       0x10 Core/Src/syscalls.o
 .debug_macro   0x000000000003679c       0x35 Core/Src/syscalls.o
 .debug_macro   0x00000000000367d1      0x122 Core/Src/syscalls.o
 .debug_macro   0x00000000000368f3       0x16 Core/Src/syscalls.o
 .debug_macro   0x0000000000036909       0x16 Core/Src/syscalls.o